Archive member included to satisfy reference by file (symbol)

/opt/st/stm32cubeide_1.15.0/plugins/com.st.stm32cube.ide.mcu.externaltools.gnu-tools-for-stm32.12.3.rel1.linux64_1.0.100.202403111256/tools/bin/../lib/gcc/arm-none-eabi/12.3.1/../../../../arm-none-eabi/lib/thumb/v7e-m/nofp/libc_nano.a(libc_a-exit.o)
                              /opt/st/stm32cubeide_1.15.0/plugins/com.st.stm32cube.ide.mcu.externaltools.gnu-tools-for-stm32.12.3.rel1.linux64_1.0.100.202403111256/tools/bin/../lib/gcc/arm-none-eabi/12.3.1/../../../../arm-none-eabi/lib/thumb/v7e-m/nofp/crt0.o (exit)
/opt/st/stm32cubeide_1.15.0/plugins/com.st.stm32cube.ide.mcu.externaltools.gnu-tools-for-stm32.12.3.rel1.linux64_1.0.100.202403111256/tools/bin/../lib/gcc/arm-none-eabi/12.3.1/../../../../arm-none-eabi/lib/thumb/v7e-m/nofp/libc_nano.a(libc_a-findfp.o)
                              /opt/st/stm32cubeide_1.15.0/plugins/com.st.stm32cube.ide.mcu.externaltools.gnu-tools-for-stm32.12.3.rel1.linux64_1.0.100.202403111256/tools/bin/../lib/gcc/arm-none-eabi/12.3.1/../../../../arm-none-eabi/lib/thumb/v7e-m/nofp/libc_nano.a(libc_a-exit.o) (__stdio_exit_handler)
/opt/st/stm32cubeide_1.15.0/plugins/com.st.stm32cube.ide.mcu.externaltools.gnu-tools-for-stm32.12.3.rel1.linux64_1.0.100.202403111256/tools/bin/../lib/gcc/arm-none-eabi/12.3.1/../../../../arm-none-eabi/lib/thumb/v7e-m/nofp/libc_nano.a(libc_a-fwalk.o)
                              /opt/st/stm32cubeide_1.15.0/plugins/com.st.stm32cube.ide.mcu.externaltools.gnu-tools-for-stm32.12.3.rel1.linux64_1.0.100.202403111256/tools/bin/../lib/gcc/arm-none-eabi/12.3.1/../../../../arm-none-eabi/lib/thumb/v7e-m/nofp/libc_nano.a(libc_a-findfp.o) (_fwalk_sglue)
/opt/st/stm32cubeide_1.15.0/plugins/com.st.stm32cube.ide.mcu.externaltools.gnu-tools-for-stm32.12.3.rel1.linux64_1.0.100.202403111256/tools/bin/../lib/gcc/arm-none-eabi/12.3.1/../../../../arm-none-eabi/lib/thumb/v7e-m/nofp/libc_nano.a(libc_a-sprintf.o)
                              ./Src/main.o (sprintf)
/opt/st/stm32cubeide_1.15.0/plugins/com.st.stm32cube.ide.mcu.externaltools.gnu-tools-for-stm32.12.3.rel1.linux64_1.0.100.202403111256/tools/bin/../lib/gcc/arm-none-eabi/12.3.1/../../../../arm-none-eabi/lib/thumb/v7e-m/nofp/libc_nano.a(libc_a-stdio.o)
                              /opt/st/stm32cubeide_1.15.0/plugins/com.st.stm32cube.ide.mcu.externaltools.gnu-tools-for-stm32.12.3.rel1.linux64_1.0.100.202403111256/tools/bin/../lib/gcc/arm-none-eabi/12.3.1/../../../../arm-none-eabi/lib/thumb/v7e-m/nofp/libc_nano.a(libc_a-findfp.o) (__sread)
/opt/st/stm32cubeide_1.15.0/plugins/com.st.stm32cube.ide.mcu.externaltools.gnu-tools-for-stm32.12.3.rel1.linux64_1.0.100.202403111256/tools/bin/../lib/gcc/arm-none-eabi/12.3.1/../../../../arm-none-eabi/lib/thumb/v7e-m/nofp/libc_nano.a(libc_a-memset.o)
                              /opt/st/stm32cubeide_1.15.0/plugins/com.st.stm32cube.ide.mcu.externaltools.gnu-tools-for-stm32.12.3.rel1.linux64_1.0.100.202403111256/tools/bin/../lib/gcc/arm-none-eabi/12.3.1/../../../../arm-none-eabi/lib/thumb/v7e-m/nofp/crt0.o (memset)
/opt/st/stm32cubeide_1.15.0/plugins/com.st.stm32cube.ide.mcu.externaltools.gnu-tools-for-stm32.12.3.rel1.linux64_1.0.100.202403111256/tools/bin/../lib/gcc/arm-none-eabi/12.3.1/../../../../arm-none-eabi/lib/thumb/v7e-m/nofp/libc_nano.a(libc_a-closer.o)
                              /opt/st/stm32cubeide_1.15.0/plugins/com.st.stm32cube.ide.mcu.externaltools.gnu-tools-for-stm32.12.3.rel1.linux64_1.0.100.202403111256/tools/bin/../lib/gcc/arm-none-eabi/12.3.1/../../../../arm-none-eabi/lib/thumb/v7e-m/nofp/libc_nano.a(libc_a-stdio.o) (_close_r)
/opt/st/stm32cubeide_1.15.0/plugins/com.st.stm32cube.ide.mcu.externaltools.gnu-tools-for-stm32.12.3.rel1.linux64_1.0.100.202403111256/tools/bin/../lib/gcc/arm-none-eabi/12.3.1/../../../../arm-none-eabi/lib/thumb/v7e-m/nofp/libc_nano.a(libc_a-reent.o)
                              /opt/st/stm32cubeide_1.15.0/plugins/com.st.stm32cube.ide.mcu.externaltools.gnu-tools-for-stm32.12.3.rel1.linux64_1.0.100.202403111256/tools/bin/../lib/gcc/arm-none-eabi/12.3.1/../../../../arm-none-eabi/lib/thumb/v7e-m/nofp/libc_nano.a(libc_a-closer.o) (errno)
/opt/st/stm32cubeide_1.15.0/plugins/com.st.stm32cube.ide.mcu.externaltools.gnu-tools-for-stm32.12.3.rel1.linux64_1.0.100.202403111256/tools/bin/../lib/gcc/arm-none-eabi/12.3.1/../../../../arm-none-eabi/lib/thumb/v7e-m/nofp/libc_nano.a(libc_a-impure.o)
                              /opt/st/stm32cubeide_1.15.0/plugins/com.st.stm32cube.ide.mcu.externaltools.gnu-tools-for-stm32.12.3.rel1.linux64_1.0.100.202403111256/tools/bin/../lib/gcc/arm-none-eabi/12.3.1/../../../../arm-none-eabi/lib/thumb/v7e-m/nofp/libc_nano.a(libc_a-sprintf.o) (_impure_ptr)
/opt/st/stm32cubeide_1.15.0/plugins/com.st.stm32cube.ide.mcu.externaltools.gnu-tools-for-stm32.12.3.rel1.linux64_1.0.100.202403111256/tools/bin/../lib/gcc/arm-none-eabi/12.3.1/../../../../arm-none-eabi/lib/thumb/v7e-m/nofp/libc_nano.a(libc_a-lseekr.o)
[...]
Memory Configuration

Name             Origin             Length             Attributes
CCMRAM           0x10000000         0x00010000         xrw
RAM              0x20000000         0x00020000         xrw
FLASH            0x08000000         0x00100000         xr
*default*        0x00000000         0xffffffff

Linker script and memory map

LOAD /opt/st/stm32cubeide_1.15.0/plugins/com.st.stm32cube.ide.mcu.externaltools.gnu-tools-for-stm32.12.3.rel1.linux64_1.0.100.202403111256/tools/bin/../lib/gcc/arm-none-eabi/12.3.1/thumb/v7e-m/nofp/crti.o
LOAD /opt/st/stm32cubeide_1.15.0/plugins/com.st.stm32cube.ide.mcu.externaltools.gnu-tools-for-stm32.12.3.rel1.linux64_1.0.100.202403111256/tools/bin/../lib/gcc/arm-none-eabi/12.3.1/thumb/v7e-m/nofp/crtbegin.o
LOAD /opt/st/stm32cubeide_1.15.0/plugins/com.st.stm32cube.ide.mcu.externaltools.gnu-tools-for-stm32.12.3.rel1.linux64_1.0.100.202403111256/tools/bin/../lib/gcc/arm-none-eabi/12.3.1/../../../../arm-none-eabi/lib/thumb/v7e-m/nofp/crt0.o
LOAD ./Src/i2c.o
LOAD ./Src/i2c_lcd.o
LOAD ./Src/itm.o
LOAD ./Src/led.o
LOAD ./Src/lis3dsh.o
LOAD ./Src/main.o
LOAD ./Src/spi.o
LOAD ./Src/syscalls.o
LOAD ./Src/sysmem.o
LOAD ./Src/system_stm32f4xx.o
LOAD ./Src/uart.o
LOAD ./Startup/startup_stm32f407vgtx.o
START GROUP
LOAD /opt/st/stm32cubeide_1.15.0/plugins/com.st.stm32cube.ide.mcu.externaltools.gnu-tools-for-stm32.12.3.rel1.linux64_1.0.100.202403111256/tools/bin/../lib/gcc/arm-none-eabi/12.3.1/../../../../arm-none-eabi/lib/thumb/v7e-m/nofp/libc_nano.a
LOAD /opt/st/stm32cubeide_1.15.0/plugins/com.st.stm32cube.ide.mcu.externaltools.gnu-tools-for-stm32.12.3.rel1.linux64_1.0.100.202403111256/tools/bin/../lib/gcc/arm-none-eabi/12.3.1/../../../../arm-none-eabi/lib/thumb/v7e-m/nofp/libm.a
END GROUP
START GROUP
LOAD /opt/st/stm32cubeide_1.15.0/plugins/com.st.stm32cube.ide.mcu.externaltools.gnu-tools-for-stm32.12.3.rel1.linux64_1.0.100.202403111256/tools/bin/../lib/gcc/arm-none-eabi/12.3.1/thumb/v7e-m/nofp/libgcc.a
LOAD /opt/st/stm32cubeide_1.15.0/plugins/com.st.stm32cube.ide.mcu.externaltools.gnu-tools-for-stm32.12.3.rel1.linux64_1.0.100.202403111256/tools/bin/../lib/gcc/arm-none-eabi/12.3.1/../../../../arm-none-eabi/lib/thumb/v7e-m/nofp/libc_nano.a
END GROUP
START GROUP
LOAD /opt/st/stm32cubeide_1.15.0/plugins/com.st.stm32cube.ide.mcu.externaltools.gnu-tools-for-stm32.12.3.rel1.linux64_1.0.100.202403111256/tools/bin/../lib/gcc/arm-none-eabi/12.3.1/thumb/v7e-m/nofp/libgcc.a
LOAD /opt/st/stm32cubeide_1.15.0/plugins/com.st.stm32cube.ide.mcu.externaltools.gnu-tools-for-stm32.12.3.rel1.linux64_1.0.100.202403111256/tools/bin/../lib/gcc/arm-none-eabi/12.3.1/../../../../arm-none-eabi/lib/thumb/v7e-m/nofp/libc_nano.a
LOAD /opt/st/stm32cubeide_1.15.0/plugins/com.st.stm32cube.ide.mcu.externaltools.gnu-tools-for-stm32.12.3.rel1.linux64_1.0.100.202403111256/tools/bin/../lib/gcc/arm-none-eabi/12.3.1/../../../../arm-none-eabi/lib/thumb/v7e-m/nofp/libnosys.a
END GROUP
START GROUP
LOAD /opt/st/stm32cubeide_1.15.0/plugins/com.st.stm32cube.ide.mcu.externaltools.gnu-tools-for-stm32.12.3.rel1.linux64_1.0.100.202403111256/tools/bin/../lib/gcc/arm-none-eabi/12.3.1/thumb/v7e-m/nofp/libgcc.a
LOAD /opt/st/stm32cubeide_1.15.0/plugins/com.st.stm32cube.ide.mcu.externaltools.gnu-tools-for-stm32.12.3.rel1.linux64_1.0.100.202403111256/tools/bin/../lib/gcc/arm-none-eabi/12.3.1/../../../../arm-none-eabi/lib/thumb/v7e-m/nofp/libc_nano.a
LOAD /opt/st/stm32cubeide_1.15.0/plugins/com.st.stm32cube.ide.mcu.externaltools.gnu-tools-for-stm32.12.3.rel1.linux64_1.0.100.202403111256/tools/bin/../lib/gcc/arm-none-eabi/12.3.1/../../../../arm-none-eabi/lib/thumb/v7e-m/nofp/libnosys.a
END GROUP
LOAD /opt/st/stm32cubeide_1.15.0/plugins/com.st.stm32cube.ide.mcu.externaltools.gnu-tools-for-stm32.12.3.rel1.linux64_1.0.100.202403111256/tools/bin/../lib/gcc/arm-none-eabi/12.3.1/thumb/v7e-m/nofp/crtend.o
LOAD /opt/st/stm32cubeide_1.15.0/plugins/com.st.stm32cube.ide.mcu.externaltools.gnu-tools-for-stm32.12.3.rel1.linux64_1.0.100.202403111256/tools/bin/../lib/gcc/arm-none-eabi/12.3.1/thumb/v7e-m/nofp/crtn.o
                0x20020000                        _estack = (ORIGIN (RAM) + LENGTH (RAM))
                0x00000200                        _Min_Heap_Size = 0x200
                0x00000400                        _Min_Stack_Size = 0x400

.isr_vector     0x08000000      0x188
                0x08000000                        . = ALIGN (0x4)
 *(.isr_vector)
 .isr_vector    0x08000000      0x188 ./Startup/startup_stm32f407vgtx.o
                0x08000000                g_pfnVectors
                0x08000188                        . = ALIGN (0x4)

.text           0x08000190     0x1800
                0x08000190                        . = ALIGN (0x4)
 *(.text)
 .text          0x08000190       0x40 /opt/st/stm32cubeide_1.15.0/plugins/com.st.stm32cube.ide.mcu.externaltools.gnu-tools-for-stm32.12.3.rel1.linux64_1.0.100.202403111256/tools/bin/../lib/gcc/arm-none-eabi/12.3.1/thumb/v7e-m/nofp/crtbegin.o
 .text          0x080001d0       0xa0 /opt/st/stm32cubeide_1.15.0/plugins/com.st.stm32cube.ide.mcu.externaltools.gnu-tools-for-stm32.12.3.rel1.linux64_1.0.100.202403111256/tools/bin/../lib/gcc/arm-none-eabi/12.3.1/../../../../arm-none-eabi/lib/thumb/v7e-m/nofp/libc_nano.a(libc_a-memchr.o)
                0x080001d0                memchr
 *(.text*)
 .text.DelayMs  0x08000270       0x50 ./Src/i2c.o
 .text.I2CStart
                0x080002c0       0x2c ./Src/i2c.o
                0x080002c0                I2CStart
 .text.I2CStop  0x080002ec       0x2c ./Src/i2c.o
                0x080002ec                I2CStop
 .text.I2CSendSlaveAddress
                0x08000318       0x34 ./Src/i2c.o
                0x08000318                I2CSendSlaveAddress
 .text.I2CSendData
                0x0800034c       0x3c ./Src/i2c.o
                0x0800034c                I2CSendData
 .text.I2CIsDeviceReady
                0x08000388       0x3c ./Src/i2c.o
                0x08000388                I2CIsDeviceReady
 .text.I2CInit  0x080003c4      0x120 ./Src/i2c.o
                0x080003c4                I2CInit
 .text.DelayMs  0x080004e4       0x50 ./Src/i2c_lcd.o
 .text.LcdWriteByte
                0x08000534       0x28 ./Src/i2c_lcd.o
                0x08000534                LcdWriteByte
 .text.LcdWrite
                0x0800055c       0x90 ./Src/i2c_lcd.o
                0x0800055c                LcdWrite
 .text.LcdInit  0x080005ec       0xc8 ./Src/i2c_lcd.o
                0x080005ec                LcdInit
 .text.LcdPuts  0x080006b4       0x4e ./Src/i2c_lcd.o
                0x080006b4                LcdPuts
 *fill*         0x08000702        0x2 
 .text.LedInit  0x08000704       0xc0 ./Src/led.o
                0x08000704                LedInit
 .text.DelayMs  0x080007c4       0x50 ./Src/lis3dsh.o
 .text.LIS_WriteIO
                0x08000814       0x4a ./Src/lis3dsh.o
                0x08000814                LIS_WriteIO
 .text.LIS_ReadIO
                0x0800085e       0x56 ./Src/lis3dsh.o
                0x0800085e                LIS_ReadIO
 .text.LIS_Init
                0x080008b4       0x2e ./Src/lis3dsh.o
                0x080008b4                LIS_Init
 .text.LIS_GetData
                0x080008e2       0x8c ./Src/lis3dsh.o
                0x080008e2                LIS_GetData
 .text.LIS_DRdy
                0x0800096e       0x26 ./Src/lis3dsh.o
                0x0800096e                LIS_DRdy
 .text.LIS_DRdy_Calib
                0x08000994       0xb8 ./Src/lis3dsh.o
                0x08000994                LIS_DRdy_Calib
 .text.DelayMs  0x08000a4c       0x50 ./Src/main.o
 .text.main     0x08000a9c       0xfc ./Src/main.o
                0x08000a9c                main
 .text.SPI_Init
                0x08000b98      0x108 ./Src/spi.o
                0x08000b98                SPI_Init
 .text.SPI_Transmit
                0x08000ca0       0x48 ./Src/spi.o
                0x08000ca0                SPI_Transmit
 .text.SPI_Receive
                0x08000ce8       0x1c ./Src/spi.o
                0x08000ce8                SPI_Receive
 .text.SPI_CS_Enable
                0x08000d04       0x18 ./Src/spi.o
                0x08000d04                SPI_CS_Enable
 .text.SPI_CS_Disable
                0x08000d1c       0x18 ./Src/spi.o
                0x08000d1c                SPI_CS_Disable
 .text._sbrk    0x08000d34       0x6c ./Src/sysmem.o
                0x08000d34                _sbrk
 .text.SystemInit
                0x08000da0        0xc ./Src/system_stm32f4xx.o
                0x08000da0                SystemInit
 .text.DWT_Init
                0x08000dac       0x60 ./Src/system_stm32f4xx.o
                0x08000dac                DWT_Init
 .text.__NVIC_EnableIRQ
                0x08000e0c       0x38 ./Src/uart.o
 .text.UartInit
                0x08000e44       0xe0 ./Src/uart.o
                0x08000e44                UartInit
 .text.UartPuts
                0x08000f24       0x64 ./Src/uart.o
                0x08000f24                UartPuts
 .text.USART2_IRQHandler
                0x08000f88       0x6c ./Src/uart.o
                0x08000f88                USART2_IRQHandler
 .text.Reset_Handler
                0x08000ff4       0x50 ./Startup/startup_stm32f407vgtx.o
                0x08000ff4                Reset_Handler
 .text.Default_Handler
                0x08001044        0x2 ./Startup/startup_stm32f407vgtx.o
                0x08001044                RTC_Alarm_IRQHandler
                0x08001044                HASH_RNG_IRQHandler
                0x08001044                EXTI2_IRQHandler
                0x08001044                TIM8_CC_IRQHandler
                0x08001044                DebugMon_Handler
                0x08001044                TIM1_CC_IRQHandler
                0x08001044                DMA2_Stream5_IRQHandler
                0x08001044                HardFault_Handler
                0x08001044                DMA1_Stream5_IRQHandler
                0x08001044                SysTick_Handler
                0x08001044                PVD_IRQHandler
                0x08001044                SDIO_IRQHandler
                0x08001044                TAMP_STAMP_IRQHandler
                0x08001044                PendSV_Handler
                0x08001044                NMI_Handler
                0x08001044                CAN2_RX1_IRQHandler
                0x08001044                EXTI3_IRQHandler
                0x08001044                TIM8_TRG_COM_TIM14_IRQHandler
                0x08001044                TIM1_UP_TIM10_IRQHandler
                0x08001044                TIM8_UP_TIM13_IRQHandler
                0x08001044                I2C3_ER_IRQHandler
                0x08001044                EXTI0_IRQHandler
                0x08001044                I2C2_EV_IRQHandler
                0x08001044                DMA1_Stream2_IRQHandler
                0x08001044                CAN1_RX0_IRQHandler
                0x08001044                FPU_IRQHandler
                0x08001044                OTG_HS_WKUP_IRQHandler
                0x08001044                UsageFault_Handler
                0x08001044                CAN2_SCE_IRQHandler
                0x08001044                DMA2_Stream2_IRQHandler
                0x08001044                SPI1_IRQHandler
                0x08001044                TIM6_DAC_IRQHandler
                0x08001044                TIM1_BRK_TIM9_IRQHandler
                0x08001044                DCMI_IRQHandler
                0x08001044                CAN2_RX0_IRQHandler
                0x08001044                DMA2_Stream3_IRQHandler
                0x08001044                USART6_IRQHandler
                0x08001044                USART3_IRQHandler
                0x08001044                CRYP_IRQHandler
                0x08001044                CAN1_RX1_IRQHandler
                0x08001044                UART5_IRQHandler
                0x08001044                DMA2_Stream0_IRQHandler
                0x08001044                TIM4_IRQHandler
                0x08001044                I2C1_EV_IRQHandler
                0x08001044                DMA1_Stream6_IRQHandler
                0x08001044                DMA1_Stream1_IRQHandler
                0x08001044                UART4_IRQHandler
                0x08001044                TIM3_IRQHandler
                0x08001044                RCC_IRQHandler
                0x08001044                TIM8_BRK_TIM12_IRQHandler
                0x08001044                Default_Handler
                0x08001044                EXTI15_10_IRQHandler
                0x08001044                ADC_IRQHandler
                0x08001044                DMA1_Stream7_IRQHandler
                0x08001044                TIM7_IRQHandler
                0x08001044                CAN2_TX_IRQHandler
                0x08001044                TIM5_IRQHandler
                0x08001044                DMA2_Stream7_IRQHandler
                0x08001044                I2C3_EV_IRQHandler
                0x08001044                EXTI9_5_IRQHandler
                0x08001044                RTC_WKUP_IRQHandler
                0x08001044                ETH_WKUP_IRQHandler
                0x08001044                SPI2_IRQHandler
                0x08001044                OTG_HS_EP1_IN_IRQHandler
                0x08001044                MemManage_Handler
                0x08001044                DMA1_Stream0_IRQHandler
                0x08001044                CAN1_TX_IRQHandler
                0x08001044                SVC_Handler
                0x08001044                EXTI4_IRQHandler
                0x08001044                FSMC_IRQHandler
                0x08001044                ETH_IRQHandler
                0x08001044                OTG_HS_EP1_OUT_IRQHandler
                0x08001044                WWDG_IRQHandler
                0x08001044                TIM2_IRQHandler
                0x08001044                OTG_FS_WKUP_IRQHandler
                0x08001044                TIM1_TRG_COM_TIM11_IRQHandler
                0x08001044                OTG_HS_IRQHandler
                0x08001044                EXTI1_IRQHandler
                0x08001044                I2C2_ER_IRQHandler
                0x08001044                DMA2_Stream1_IRQHandler
                0x08001044                CAN1_SCE_IRQHandler
                0x08001044                DMA2_Stream4_IRQHandler
                0x08001044                BusFault_Handler
                0x08001044                USART1_IRQHandler
                0x08001044                OTG_FS_IRQHandler
                0x08001044                SPI3_IRQHandler
                0x08001044                DMA1_Stream4_IRQHandler
                0x08001044                I2C1_ER_IRQHandler
                0x08001044                DMA2_Stream6_IRQHandler
                0x08001044                DMA1_Stream3_IRQHandler
 *fill*         0x08001046        0x2 
 .text.sprintf  0x08001048       0x40 /opt/st/stm32cubeide_1.15.0/plugins/com.st.stm32cube.ide.mcu.externaltools.gnu-tools-for-stm32.12.3.rel1.linux64_1.0.100.202403111256/tools/bin/../lib/gcc/arm-none-eabi/12.3.1/../../../../arm-none-eabi/lib/thumb/v7e-m/nofp/libc_nano.a(libc_a-sprintf.o)
                0x08001048                sprintf
                0x08001048                siprintf
 .text.__errno  0x08001088        0xc /opt/st/stm32cubeide_1.15.0/plugins/com.st.stm32cube.ide.mcu.externaltools.gnu-tools-for-stm32.12.3.rel1.linux64_1.0.100.202403111256/tools/bin/../lib/gcc/arm-none-eabi/12.3.1/../../../../arm-none-eabi/lib/thumb/v7e-m/nofp/libc_nano.a(libc_a-errno.o)
                0x08001088                __errno
 .text.__libc_init_array
                0x08001094       0x48 /opt/st/stm32cubeide_1.15.0/plugins/com.st.stm32cube.ide.mcu.externaltools.gnu-tools-for-stm32.12.3.rel1.linux64_1.0.100.202403111256/tools/bin/../lib/gcc/arm-none-eabi/12.3.1/../../../../arm-none-eabi/lib/thumb/v7e-m/nofp/libc_nano.a(libc_a-init.o)
                0x08001094                __libc_init_array
 .text.__retarget_lock_acquire_recursive
                0x080010dc        0x2 /opt/st/stm32cubeide_1.15.0/plugins/com.st.stm32cube.ide.mcu.externaltools.gnu-tools-for-stm32.12.3.rel1.linux64_1.0.100.202403111256/tools/bin/../lib/gcc/arm-none-eabi/12.3.1/../../../../arm-none-eabi/lib/thumb/v7e-m/nofp/libc_nano.a(libc_a-lock.o)
                0x080010dc                __retarget_lock_acquire_recursive
 .text.__retarget_lock_release_recursive
                0x080010de        0x2 /opt/st/stm32cubeide_1.15.0/plugins/com.st.stm32cube.ide.mcu.externaltools.gnu-tools-for-stm32.12.3.rel1.linux64_1.0.100.202403111256/tools/bin/../lib/gcc/arm-none-eabi/12.3.1/../../../../arm-none-eabi/lib/thumb/v7e-m/nofp/libc_nano.a(libc_a-lock.o)
                0x080010de                __retarget_lock_release_recursive
 .text._free_r  0x080010e0       0x94 /opt/st/stm32cubeide_1.15.0/plugins/com.st.stm32cube.ide.mcu.externaltools.gnu-tools-for-stm32.12.3.rel1.linux64_1.0.100.202403111256/tools/bin/../lib/gcc/arm-none-eabi/12.3.1/../../../../arm-none-eabi/lib/thumb/v7e-m/nofp/libc_nano.a(libc_a-freer.o)
                0x080010e0                _free_r
 .text.sbrk_aligned
                0x08001174       0x44 /opt/st/stm32cubeide_1.15.0/plugins/com.st.stm32cube.ide.mcu.externaltools.gnu-tools-for-stm32.12.3.rel1.linux64_1.0.100.202403111256/tools/bin/../lib/gcc/arm-none-eabi/12.3.1/../../../../arm-none-eabi/lib/thumb/v7e-m/nofp/libc_nano.a(libc_a-mallocr.o)
 .text._malloc_r
                0x080011b8      0x100 /opt/st/stm32cubeide_1.15.0/plugins/com.st.stm32cube.ide.mcu.externaltools.gnu-tools-for-stm32.12.3.rel1.linux64_1.0.100.202403111256/tools/bin/../lib/gcc/arm-none-eabi/12.3.1/../../../../arm-none-eabi/lib/thumb/v7e-m/nofp/libc_nano.a(libc_a-mallocr.o)
                0x080011b8                _malloc_r
 .text.__malloc_lock
                0x080012b8        0xc /opt/st/stm32cubeide_1.15.0/plugins/com.st.stm32cube.ide.mcu.externaltools.gnu-tools-for-stm32.12.3.rel1.linux64_1.0.100.202403111256/tools/bin/../lib/gcc/arm-none-eabi/12.3.1/../../../../arm-none-eabi/lib/thumb/v7e-m/nofp/libc_nano.a(libc_a-mlock.o)
                0x080012b8                __malloc_lock
 .text.__malloc_unlock
                0x080012c4        0xc /opt/st/stm32cubeide_1.15.0/plugins/com.st.stm32cube.ide.mcu.externaltools.gnu-tools-for-stm32.12.3.rel1.linux64_1.0.100.202403111256/tools/bin/../lib/gcc/arm-none-eabi/12.3.1/../../../../arm-none-eabi/lib/thumb/v7e-m/nofp/libc_nano.a(libc_a-mlock.o)
                0x080012c4                __malloc_unlock
 .text.__ssputs_r
                0x080012d0       0xb6 /opt/st/stm32cubeide_1.15.0/plugins/com.st.stm32cube.ide.mcu.externaltools.gnu-tools-for-stm32.12.3.rel1.linux64_1.0.100.202403111256/tools/bin/../lib/gcc/arm-none-eabi/12.3.1/../../../../arm-none-eabi/lib/thumb/v7e-m/nofp/libc_nano.a(libc_a-nano-svfprintf.o)
                0x080012d0                __ssputs_r
 *fill*         0x08001386        0x2 
 .text._svfprintf_r
                0x08001388      0x1f8 /opt/st/stm32cubeide_1.15.0/plugins/com.st.stm32cube.ide.mcu.externaltools.gnu-tools-for-stm32.12.3.rel1.linux64_1.0.100.202403111256/tools/bin/../lib/gcc/arm-none-eabi/12.3.1/../../../../arm-none-eabi/lib/thumb/v7e-m/nofp/libc_nano.a(libc_a-nano-svfprintf.o)
                0x08001388                _svfprintf_r
                0x08001388                _svfiprintf_r
 .text._printf_common
                0x08001580       0xda /opt/st/stm32cubeide_1.15.0/plugins/com.st.stm32cube.ide.mcu.externaltools.gnu-tools-for-stm32.12.3.rel1.linux64_1.0.100.202403111256/tools/bin/../lib/gcc/arm-none-eabi/12.3.1/../../../../arm-none-eabi/lib/thumb/v7e-m/nofp/libc_nano.a(libc_a-nano-vfprintf_i.o)
                0x08001580                _printf_common
 *fill*         0x0800165a        0x2 
 .text._printf_i
                0x0800165c      0x240 /opt/st/stm32cubeide_1.15.0/plugins/com.st.stm32cube.ide.mcu.externaltools.gnu-tools-for-stm32.12.3.rel1.linux64_1.0.100.202403111256/tools/bin/../lib/gcc/arm-none-eabi/12.3.1/../../../../arm-none-eabi/lib/thumb/v7e-m/nofp/libc_nano.a(libc_a-nano-vfprintf_i.o)
                0x0800165c                _printf_i
 .text.memmove  0x0800189c       0x34 /opt/st/stm32cubeide_1.15.0/plugins/com.st.stm32cube.ide.mcu.externaltools.gnu-tools-for-stm32.12.3.rel1.linux64_1.0.100.202403111256/tools/bin/../lib/gcc/arm-none-eabi/12.3.1/../../../../arm-none-eabi/lib/thumb/v7e-m/nofp/libc_nano.a(libc_a-memmove.o)
                0x0800189c                memmove
 .text._sbrk_r  0x080018d0       0x20 /opt/st/stm32cubeide_1.15.0/plugins/com.st.stm32cube.ide.mcu.externaltools.gnu-tools-for-stm32.12.3.rel1.linux64_1.0.100.202403111256/tools/bin/../lib/gcc/arm-none-eabi/12.3.1/../../../../arm-none-eabi/lib/thumb/v7e-m/nofp/libc_nano.a(libc_a-sbrkr.o)
                0x080018d0                _sbrk_r
 .text.memcpy   0x080018f0       0x1c /opt/st/stm32cubeide_1.15.0/plugins/com.st.stm32cube.ide.mcu.externaltools.gnu-tools-for-stm32.12.3.rel1.linux64_1.0.100.202403111256/tools/bin/../lib/gcc/arm-none-eabi/12.3.1/../../../../arm-none-eabi/lib/thumb/v7e-m/nofp/libc_nano.a(libc_a-memcpy-stub.o)
                0x080018f0                memcpy
 .text._realloc_r
                0x0800190c       0x5c /opt/st/stm32cubeide_1.15.0/plugins/com.st.stm32cube.ide.mcu.externaltools.gnu-tools-for-stm32.12.3.rel1.linux64_1.0.100.202403111256/tools/bin/../lib/gcc/arm-none-eabi/12.3.1/../../../../arm-none-eabi/lib/thumb/v7e-m/nofp/libc_nano.a(libc_a-reallocr.o)
                0x0800190c                _realloc_r
 .text._malloc_usable_size_r
                0x08001968       0x10 /opt/st/stm32cubeide_1.15.0/plugins/com.st.stm32cube.ide.mcu.externaltools.gnu-tools-for-stm32.12.3.rel1.linux64_1.0.100.202403111256/tools/bin/../lib/gcc/arm-none-eabi/12.3.1/../../../../arm-none-eabi/lib/thumb/v7e-m/nofp/libc_nano.a(libc_a-msizer.o)
                0x08001968                _malloc_usable_size_r
 *(.glue_7)
 .glue_7        0x08001978        0x0 linker stubs
 *(.glue_7t)
 .glue_7t       0x08001978        0x0 linker stubs
 *(.eh_frame)
 .eh_frame      0x08001978        0x0 /opt/st/stm32cubeide_1.15.0/plugins/com.st.stm32cube.ide.mcu.externaltools.gnu-tools-for-stm32.12.3.rel1.linux64_1.0.100.202403111256/tools/bin/../lib/gcc/arm-none-eabi/12.3.1/thumb/v7e-m/nofp/crtbegin.o
 *(.init)
 .init          0x08001978        0x4 /opt/st/stm32cubeide_1.15.0/plugins/com.st.stm32cube.ide.mcu.externaltools.gnu-tools-for-stm32.12.3.rel1.linux64_1.0.100.202403111256/tools/bin/../lib/gcc/arm-none-eabi/12.3.1/thumb/v7e-m/nofp/crti.o
                0x08001978                _init
 .init          0x0800197c        0x8 /opt/st/stm32cubeide_1.15.0/plugins/com.st.stm32cube.ide.mcu.externaltools.gnu-tools-for-stm32.12.3.rel1.linux64_1.0.100.202403111256/tools/bin/../lib/gcc/arm-none-eabi/12.3.1/thumb/v7e-m/nofp/crtn.o
 *(.fini)
 .fini          0x08001984        0x4 /opt/st/stm32cubeide_1.15.0/plugins/com.st.stm32cube.ide.mcu.externaltools.gnu-tools-for-stm32.12.3.rel1.linux64_1.0.100.202403111256/tools/bin/../lib/gcc/arm-none-eabi/12.3.1/thumb/v7e-m/nofp/crti.o
                0x08001984                _fini
 .fini          0x08001988        0x8 /opt/st/stm32cubeide_1.15.0/plugins/com.st.stm32cube.ide.mcu.externaltools.gnu-tools-for-stm32.12.3.rel1.linux64_1.0.100.202403111256/tools/bin/../lib/gcc/arm-none-eabi/12.3.1/thumb/v7e-m/nofp/crtn.o
                0x08001990                        . = ALIGN (0x4)
                0x08001990                        _etext = .

.vfp11_veneer   0x08001990        0x0
 .vfp11_veneer  0x08001990        0x0 linker stubs

.v4_bx          0x08001990        0x0
 .v4_bx         0x08001990        0x0 linker stubs

.iplt           0x08001990        0x0
 .iplt          0x08001990        0x0 /opt/st/stm32cubeide_1.15.0/plugins/com.st.stm32cube.ide.mcu.externaltools.gnu-tools-for-stm32.12.3.rel1.linux64_1.0.100.202403111256/tools/bin/../lib/gcc/arm-none-eabi/12.3.1/thumb/v7e-m/nofp/crtbegin.o

.rodata         0x08001990       0x88
                0x08001990                        . = ALIGN (0x4)
 *(.rodata)
 .rodata        0x08001990       0x53 ./Src/main.o
 *(.rodata*)
 .rodata._svfprintf_r.str1.1
                0x080019e3       0x11 /opt/st/stm32cubeide_1.15.0/plugins/com.st.stm32cube.ide.mcu.externaltools.gnu-tools-for-stm32.12.3.rel1.linux64_1.0.100.202403111256/tools/bin/../lib/gcc/arm-none-eabi/12.3.1/../../../../arm-none-eabi/lib/thumb/v7e-m/nofp/libc_nano.a(libc_a-nano-svfprintf.o)
 .rodata._printf_i.str1.1
                0x080019f4       0x22 /opt/st/stm32cubeide_1.15.0/plugins/com.st.stm32cube.ide.mcu.externaltools.gnu-tools-for-stm32.12.3.rel1.linux64_1.0.100.202403111256/tools/bin/../lib/gcc/arm-none-eabi/12.3.1/../../../../arm-none-eabi/lib/thumb/v7e-m/nofp/libc_nano.a(libc_a-nano-vfprintf_i.o)
                0x08001a18                        . = ALIGN (0x4)
 *fill*         0x08001a16        0x2 

.ARM.extab      0x08001a18        0x0
                0x08001a18                        . = ALIGN (0x4)
 *(.ARM.extab* .gnu.linkonce.armextab.*)
                0x08001a18                        . = ALIGN (0x4)

.ARM            0x08001a18        0x8
                0x08001a18                        . = ALIGN (0x4)
                0x08001a18                        __exidx_start = .
 *(.ARM.exidx*)
 .ARM.exidx     0x08001a18        0x8 /opt/st/stm32cubeide_1.15.0/plugins/com.st.stm32cube.ide.mcu.externaltools.gnu-tools-for-stm32.12.3.rel1.linux64_1.0.100.202403111256/tools/bin/../lib/gcc/arm-none-eabi/12.3.1/../../../../arm-none-eabi/lib/thumb/v7e-m/nofp/libc_nano.a(libc_a-memchr.o)
                0x08001a20                        __exidx_end = .
                0x08001a20                        . = ALIGN (0x4)

.preinit_array  0x08001a20        0x0
                0x08001a20                        . = ALIGN (0x4)
                0x08001a20                        PROVIDE (__preinit_array_start = .)
 *(.preinit_array*)
                0x08001a20                        PROVIDE (__preinit_array_end = .)
                0x08001a20                        . = ALIGN (0x4)

.init_array     0x08001a20        0x4
                0x08001a20                        . = ALIGN (0x4)
                0x08001a20                        PROVIDE (__init_array_start = .)
 *(SORT_BY_NAME(.init_array.*))
 *(.init_array*)
 .init_array    0x08001a20        0x4 /opt/st/stm32cubeide_1.15.0/plugins/com.st.stm32cube.ide.mcu.externaltools.gnu-tools-for-stm32.12.3.rel1.linux64_1.0.100.202403111256/tools/bin/../lib/gcc/arm-none-eabi/12.3.1/thumb/v7e-m/nofp/crtbegin.o
                0x08001a24                        PROVIDE (__init_array_end = .)
                0x08001a24                        . = ALIGN (0x4)

.fini_array     0x08001a24        0x4
                0x08001a24                        . = ALIGN (0x4)
                [!provide]                        PROVIDE (__fini_array_start = .)
 *(SORT_BY_NAME(.fini_array.*))
 *(.fini_array*)
 .fini_array    0x08001a24        0x4 /opt/st/stm32cubeide_1.15.0/plugins/com.st.stm32cube.ide.mcu.externaltools.gnu-tools-for-stm32.12.3.rel1.linux64_1.0.100.202403111256/tools/bin/../lib/gcc/arm-none-eabi/12.3.1/thumb/v7e-m/nofp/crtbegin.o
                [!provide]                        PROVIDE (__fini_array_end = .)
                0x08001a28                        . = ALIGN (0x4)
                0x08001a28                        _sidata = LOADADDR (.data)

.rel.dyn        0x08001a28        0x0
 .rel.iplt      0x08001a28        0x0 /opt/st/stm32cubeide_1.15.0/plugins/com.st.stm32cube.ide.mcu.externaltools.gnu-tools-for-stm32.12.3.rel1.linux64_1.0.100.202403111256/tools/bin/../lib/gcc/arm-none-eabi/12.3.1/thumb/v7e-m/nofp/crtbegin.o

.data           0x20000000       0x58 load address 0x08001a28
                0x20000000                        . = ALIGN (0x4)
                0x20000000                        _sdata = .
 *(.data)
 *(.data*)
 .data.SystemCoreClock
                0x20000000        0x4 ./Src/system_stm32f4xx.o
                0x20000000                SystemCoreClock
 .data.tx_complete
                0x20000004        0x4 ./Src/uart.o
                0x20000004                tx_complete
 .data._impure_ptr
                0x20000008        0x4 /opt/st/stm32cubeide_1.15.0/plugins/com.st.stm32cube.ide.mcu.externaltools.gnu-tools-for-stm32.12.3.rel1.linux64_1.0.100.202403111256/tools/bin/../lib/gcc/arm-none-eabi/12.3.1/../../../../arm-none-eabi/lib/thumb/v7e-m/nofp/libc_nano.a(libc_a-impure.o)
                0x20000008                _impure_ptr
 .data._impure_data
                0x2000000c       0x4c /opt/st/stm32cubeide_1.15.0/plugins/com.st.stm32cube.ide.mcu.externaltools.gnu-tools-for-stm32.12.3.rel1.linux64_1.0.100.202403111256/tools/bin/../lib/gcc/arm-none-eabi/12.3.1/../../../../arm-none-eabi/lib/thumb/v7e-m/nofp/libc_nano.a(libc_a-impure.o)
                0x2000000c                _impure_data
 *(.RamFunc)
 *(.RamFunc*)
                0x20000058                        . = ALIGN (0x4)
                0x20000058                        _edata = .
                0x08001a80                        _siccmram = LOADADDR (.ccmram)

.igot.plt       0x20000058        0x0 load address 0x08001a80
 .igot.plt      0x20000058        0x0 /opt/st/stm32cubeide_1.15.0/plugins/com.st.stm32cube.ide.mcu.externaltools.gnu-tools-for-stm32.12.3.rel1.linux64_1.0.100.202403111256/tools/bin/../lib/gcc/arm-none-eabi/12.3.1/thumb/v7e-m/nofp/crtbegin.o

.ccmram         0x10000000        0x0 load address 0x08001a80
                0x10000000                        . = ALIGN (0x4)
                0x10000000                        _sccmram = .
 *(.ccmram)
 *(.ccmram*)
                0x10000000                        . = ALIGN (0x4)
                0x10000000                        _eccmram = .
                0x10000000                        . = ALIGN (0x4)

.bss            0x20000058      0x17c
                0x20000058                        _sbss = .
                0x20000058                        __bss_start__ = _sbss
 *(.bss)
 .bss           0x20000058       0x1c /opt/st/stm32cubeide_1.15.0/plugins/com.st.stm32cube.ide.mcu.externaltools.gnu-tools-for-stm32.12.3.rel1.linux64_1.0.100.202403111256/tools/bin/../lib/gcc/arm-none-eabi/12.3.1/thumb/v7e-m/nofp/crtbegin.o
 *(.bss*)
 .bss.xCal      0x20000074        0x4 ./Src/main.o
                0x20000074                xCal
 .bss.yCal      0x20000078        0x4 ./Src/main.o
                0x20000078                yCal
 .bss.zCal      0x2000007c        0x4 ./Src/main.o
                0x2000007c                zCal
 .bss.__sbrk_heap_end
                0x20000080        0x4 ./Src/sysmem.o
 .bss.tx_string
                0x20000084        0x4 ./Src/uart.o
                0x20000084                tx_string
 .bss.tx_index  0x20000088        0x4 ./Src/uart.o
                0x20000088                tx_index
 .bss.__sf      0x2000008c      0x138 /opt/st/stm32cubeide_1.15.0/plugins/com.st.stm32cube.ide.mcu.externaltools.gnu-tools-for-stm32.12.3.rel1.linux64_1.0.100.202403111256/tools/bin/../lib/gcc/arm-none-eabi/12.3.1/../../../../arm-none-eabi/lib/thumb/v7e-m/nofp/libc_nano.a(libc_a-findfp.o)
                0x2000008c                __sf
 .bss.errno     0x200001c4        0x4 /opt/st/stm32cubeide_1.15.0/plugins/com.st.stm32cube.ide.mcu.externaltools.gnu-tools-for-stm32.12.3.rel1.linux64_1.0.100.202403111256/tools/bin/../lib/gcc/arm-none-eabi/12.3.1/../../../../arm-none-eabi/lib/thumb/v7e-m/nofp/libc_nano.a(libc_a-reent.o)
                0x200001c4                errno
 .bss.__lock___malloc_recursive_mutex
                0x200001c8        0x1 /opt/st/stm32cubeide_1.15.0/plugins/com.st.stm32cube.ide.mcu.externaltools.gnu-tools-for-stm32.12.3.rel1.linux64_1.0.100.202403111256/tools/bin/../lib/gcc/arm-none-eabi/12.3.1/../../../../arm-none-eabi/lib/thumb/v7e-m/nofp/libc_nano.a(libc_a-lock.o)
                0x200001c8                __lock___malloc_recursive_mutex
 *fill*         0x200001c9        0x3 
 .bss.__malloc_sbrk_start
                0x200001cc        0x4 /opt/st/stm32cubeide_1.15.0/plugins/com.st.stm32cube.ide.mcu.externaltools.gnu-tools-for-stm32.12.3.rel1.linux64_1.0.100.202403111256/tools/bin/../lib/gcc/arm-none-eabi/12.3.1/../../../../arm-none-eabi/lib/thumb/v7e-m/nofp/libc_nano.a(libc_a-mallocr.o)
                0x200001cc                __malloc_sbrk_start
 .bss.__malloc_free_list
                0x200001d0        0x4 /opt/st/stm32cubeide_1.15.0/plugins/com.st.stm32cube.ide.mcu.externaltools.gnu-tools-for-stm32.12.3.rel1.linux64_1.0.100.202403111256/tools/bin/../lib/gcc/arm-none-eabi/12.3.1/../../../../arm-none-eabi/lib/thumb/v7e-m/nofp/libc_nano.a(libc_a-mallocr.o)
                0x200001d0                __malloc_free_list
 *(COMMON)
                0x200001d4                        . = ALIGN (0x4)
                0x200001d4                        _ebss = .
                0x200001d4                        __bss_end__ = _ebss

._user_heap_stack
                0x200001d4      0x604
                0x200001d8                        . = ALIGN (0x8)
 *fill*         0x200001d4        0x4 
                [!provide]                        PROVIDE (end = .)
                0x200001d8                        PROVIDE (_end = .)
                0x200003d8                        . = (. + _Min_Heap_Size)
 *fill*         0x200001d8      0x200 
                0x200007d8                        . = (. + _Min_Stack_Size)
 *fill*         0x200003d8      0x400 
                0x200007d8                        . = ALIGN (0x8)

/DISCARD/
 libc.a(*)
 libm.a(*)
 libgcc.a(*)

.ARM.attributes
                0x00000000       0x2a
 *(.ARM.attributes)
 .ARM.attributes
                0x00000000       0x1e /opt/st/stm32cubeide_1.15.0/plugins/com.st.stm32cube.ide.mcu.externaltools.gnu-tools-for-stm32.12.3.rel1.linux64_1.0.100.202403111256/tools/bin/../lib/gcc/arm-none-eabi/12.3.1/thumb/v7e-m/nofp/crti.o
 .ARM.attributes
                0x0000001e       0x2e /opt/st/stm32cubeide_1.15.0/plugins/com.st.stm32cube.ide.mcu.externaltools.gnu-tools-for-stm32.12.3.rel1.linux64_1.0.100.202403111256/tools/bin/../lib/gcc/arm-none-eabi/12.3.1/thumb/v7e-m/nofp/crtbegin.o
 .ARM.attributes
                0x0000004c       0x2e ./Src/i2c.o
 .ARM.attributes
                0x0000007a       0x2e ./Src/i2c_lcd.o
 .ARM.attributes
                0x000000a8       0x2e ./Src/led.o
 .ARM.attributes
                0x000000d6       0x2e ./Src/lis3dsh.o
 .ARM.attributes
                0x00000104       0x2e ./Src/main.o
 .ARM.attributes
                0x00000132       0x2e ./Src/spi.o
 .ARM.attributes
                0x00000160       0x2e ./Src/sysmem.o
 .ARM.attributes
                0x0000018e       0x2e ./Src/system_stm32f4xx.o
 .ARM.attributes
                0x000001bc       0x2e ./Src/uart.o
 .ARM.attributes
                0x000001ea       0x21 ./Startup/startup_stm32f407vgtx.o
 .ARM.attributes
                0x0000020b       0x2e /opt/st/stm32cubeide_1.15.0/plugins/com.st.stm32cube.ide.mcu.externaltools.gnu-tools-for-stm32.12.3.rel1.linux64_1.0.100.202403111256/tools/bin/../lib/gcc/arm-none-eabi/12.3.1/../../../../arm-none-eabi/lib/thumb/v7e-m/nofp/libc_nano.a(libc_a-findfp.o)
 .ARM.attributes
                0x00000239       0x2e /opt/st/stm32cubeide_1.15.0/plugins/com.st.stm32cube.ide.mcu.externaltools.gnu-tools-for-stm32.12.3.rel1.linux64_1.0.100.202403111256/tools/bin/../lib/gcc/arm-none-eabi/12.3.1/../../../../arm-none-eabi/lib/thumb/v7e-m/nofp/libc_nano.a(libc_a-sprintf.o)
 .ARM.attributes
                0x00000267       0x2e /opt/st/stm32cubeide_1.15.0/plugins/com.st.stm32cube.ide.mcu.externaltools.gnu-tools-for-stm32.12.3.rel1.linux64_1.0.100.202403111256/tools/bin/../lib/gcc/arm-none-eabi/12.3.1/../../../../arm-none-eabi/lib/thumb/v7e-m/nofp/libc_nano.a(libc_a-reent.o)
 .ARM.attributes
                0x00000295       0x2e /opt/st/stm32cubeide_1.15.0/plugins/com.st.stm32cube.ide.mcu.externaltools.gnu-tools-for-stm32.12.3.rel1.linux64_1.0.100.202403111256/tools/bin/../lib/gcc/arm-none-eabi/12.3.1/../../../../arm-none-eabi/lib/thumb/v7e-m/nofp/libc_nano.a(libc_a-impure.o)
 .ARM.attributes
                0x000002c3       0x2e /opt/st/stm32cubeide_1.15.0/plugins/com.st.stm32cube.ide.mcu.externaltools.gnu-tools-for-stm32.12.3.rel1.linux64_1.0.100.202403111256/tools/bin/../lib/gcc/arm-none-eabi/12.3.1/../../../../arm-none-eabi/lib/thumb/v7e-m/nofp/libc_nano.a(libc_a-errno.o)
 .ARM.attributes
                0x000002f1       0x2e /opt/st/stm32cubeide_1.15.0/plugins/com.st.stm32cube.ide.mcu.externaltools.gnu-tools-for-stm32.12.3.rel1.linux64_1.0.100.202403111256/tools/bin/../lib/gcc/arm-none-eabi/12.3.1/../../../../arm-none-eabi/lib/thumb/v7e-m/nofp/libc_nano.a(libc_a-init.o)
 .ARM.attributes
                0x0000031f       0x2e /opt/st/stm32cubeide_1.15.0/plugins/com.st.stm32cube.ide.mcu.externaltools.gnu-tools-for-stm32.12.3.rel1.linux64_1.0.100.202403111256/tools/bin/../lib/gcc/arm-none-eabi/12.3.1/../../../../arm-none-eabi/lib/thumb/v7e-m/nofp/libc_nano.a(libc_a-lock.o)
 .ARM.attributes
                0x0000034d       0x2e /opt/st/stm32cubeide_1.15.0/plugins/com.st.stm32cube.ide.mcu.externaltools.gnu-tools-for-stm32.12.3.rel1.linux64_1.0.100.202403111256/tools/bin/../lib/gcc/arm-none-eabi/12.3.1/../../../../arm-none-eabi/lib/thumb/v7e-m/nofp/libc_nano.a(libc_a-freer.o)
 .ARM.attributes
                0x0000037b       0x2e /opt/st/stm32cubeide_1.15.0/plugins/com.st.stm32cube.ide.mcu.externaltools.gnu-tools-for-stm32.12.3.rel1.linux64_1.0.100.202403111256/tools/bin/../lib/gcc/arm-none-eabi/12.3.1/../../../../arm-none-eabi/lib/thumb/v7e-m/nofp/libc_nano.a(libc_a-mallocr.o)
 .ARM.attributes
                0x000003a9       0x2e /opt/st/stm32cubeide_1.15.0/plugins/com.st.stm32cube.ide.mcu.externaltools.gnu-tools-for-stm32.12.3.rel1.linux64_1.0.100.202403111256/tools/bin/../lib/gcc/arm-none-eabi/12.3.1/../../../../arm-none-eabi/lib/thumb/v7e-m/nofp/libc_nano.a(libc_a-mlock.o)
 .ARM.attributes
                0x000003d7       0x2e /opt/st/stm32cubeide_1.15.0/plugins/com.st.stm32cube.ide.mcu.externaltools.gnu-tools-for-stm32.12.3.rel1.linux64_1.0.100.202403111256/tools/bin/../lib/gcc/arm-none-eabi/12.3.1/../../../../arm-none-eabi/lib/thumb/v7e-m/nofp/libc_nano.a(libc_a-nano-svfprintf.o)
 .ARM.attributes
                0x00000405       0x2e /opt/st/stm32cubeide_1.15.0/plugins/com.st.stm32cube.ide.mcu.externaltools.gnu-tools-for-stm32.12.3.rel1.linux64_1.0.100.202403111256/tools/bin/../lib/gcc/arm-none-eabi/12.3.1/../../../../arm-none-eabi/lib/thumb/v7e-m/nofp/libc_nano.a(libc_a-nano-vfprintf_i.o)
 .ARM.attributes
                0x00000433       0x2e /opt/st/stm32cubeide_1.15.0/plugins/com.st.stm32cube.ide.mcu.externaltools.gnu-tools-for-stm32.12.3.rel1.linux64_1.0.100.202403111256/tools/bin/../lib/gcc/arm-none-eabi/12.3.1/../../../../arm-none-eabi/lib/thumb/v7e-m/nofp/libc_nano.a(libc_a-memmove.o)
 .ARM.attributes
                0x00000461       0x2e /opt/st/stm32cubeide_1.15.0/plugins/com.st.stm32cube.ide.mcu.externaltools.gnu-tools-for-stm32.12.3.rel1.linux64_1.0.100.202403111256/tools/bin/../lib/gcc/arm-none-eabi/12.3.1/../../../../arm-none-eabi/lib/thumb/v7e-m/nofp/libc_nano.a(libc_a-sbrkr.o)
 .ARM.attributes
                0x0000048f       0x1c /opt/st/stm32cubeide_1.15.0/plugins/com.st.stm32cube.ide.mcu.externaltools.gnu-tools-for-stm32.12.3.rel1.linux64_1.0.100.202403111256/tools/bin/../lib/gcc/arm-none-eabi/12.3.1/../../../../arm-none-eabi/lib/thumb/v7e-m/nofp/libc_nano.a(libc_a-memchr.o)
 .ARM.attributes
                0x000004ab       0x2e /opt/st/stm32cubeide_1.15.0/plugins/com.st.stm32cube.ide.mcu.externaltools.gnu-tools-for-stm32.12.3.rel1.linux64_1.0.100.202403111256/tools/bin/../lib/gcc/arm-none-eabi/12.3.1/../../../../arm-none-eabi/lib/thumb/v7e-m/nofp/libc_nano.a(libc_a-memcpy-stub.o)
 .ARM.attributes
                0x000004d9       0x2e /opt/st/stm32cubeide_1.15.0/plugins/com.st.stm32cube.ide.mcu.externaltools.gnu-tools-for-stm32.12.3.rel1.linux64_1.0.100.202403111256/tools/bin/../lib/gcc/arm-none-eabi/12.3.1/../../../../arm-none-eabi/lib/thumb/v7e-m/nofp/libc_nano.a(libc_a-reallocr.o)
 .ARM.attributes
                0x00000507       0x2e /opt/st/stm32cubeide_1.15.0/plugins/com.st.stm32cube.ide.mcu.externaltools.gnu-tools-for-stm32.12.3.rel1.linux64_1.0.100.202403111256/tools/bin/../lib/gcc/arm-none-eabi/12.3.1/../../../../arm-none-eabi/lib/thumb/v7e-m/nofp/libc_nano.a(libc_a-msizer.o)
 .ARM.attributes
                0x00000535       0x1e /opt/st/stm32cubeide_1.15.0/plugins/com.st.stm32cube.ide.mcu.externaltools.gnu-tools-for-stm32.12.3.rel1.linux64_1.0.100.202403111256/tools/bin/../lib/gcc/arm-none-eabi/12.3.1/thumb/v7e-m/nofp/crtn.o
OUTPUT(Day10_Asm1.elf elf32-littlearm)
LOAD linker stubs
LOAD /opt/st/stm32cubeide_1.15.0/plugins/com.st.stm32cube.ide.mcu.externaltools.gnu-tools-for-stm32.12.3.rel1.linux64_1.0.100.202403111256/tools/bin/../lib/gcc/arm-none-eabi/12.3.1/../../../../arm-none-eabi/lib/thumb/v7e-m/nofp/libc.a
LOAD /opt/st/stm32cubeide_1.15.0/plugins/com.st.stm32cube.ide.mcu.externaltools.gnu-tools-for-stm32.12.3.rel1.linux64_1.0.100.202403111256/tools/bin/../lib/gcc/arm-none-eabi/12.3.1/../../../../arm-none-eabi/lib/thumb/v7e-m/nofp/libm.a
LOAD /opt/st/stm32cubeide_1.15.0/plugins/com.st.stm32cube.ide.mcu.externaltools.gnu-tools-for-stm32.12.3.rel1.linux64_1.0.100.202403111256/tools/bin/../lib/gcc/arm-none-eabi/12.3.1/thumb/v7e-m/nofp/libgcc.a

.debug_info     0x00000000     0x2820
 .debug_info    0x00000000      0x644 ./Src/i2c.o
 .debug_info    0x00000644      0x383 ./Src/i2c_lcd.o
 .debug_info    0x000009c7      0x313 ./Src/led.o
 .debug_info    0x00000cda      0x4b6 ./Src/lis3dsh.o
 .debug_info    0x00001190      0x3ba ./Src/main.o
 .debug_info    0x0000154a      0x3ef ./Src/spi.o
 .debug_info    0x00001939      0x168 ./Src/sysmem.o
 .debug_info    0x00001aa1      0x53c ./Src/system_stm32f4xx.o
 .debug_info    0x00001fdd      0x813 ./Src/uart.o
 .debug_info    0x000027f0       0x30 ./Startup/startup_stm32f407vgtx.o

.debug_abbrev   0x00000000      0xca7
 .debug_abbrev  0x00000000      0x17f ./Src/i2c.o
 .debug_abbrev  0x0000017f      0x18d ./Src/i2c_lcd.o
 .debug_abbrev  0x0000030c       0xe5 ./Src/led.o
 .debug_abbrev  0x000003f1      0x1b3 ./Src/lis3dsh.o
 .debug_abbrev  0x000005a4      0x1ab ./Src/main.o
 .debug_abbrev  0x0000074f      0x13e ./Src/spi.o
 .debug_abbrev  0x0000088d       0xbc ./Src/sysmem.o
 .debug_abbrev  0x00000949      0x158 ./Src/system_stm32f4xx.o
 .debug_abbrev  0x00000aa1      0x1e2 ./Src/uart.o
 .debug_abbrev  0x00000c83       0x24 ./Startup/startup_stm32f407vgtx.o

.debug_aranges  0x00000000      0x258
 .debug_aranges
                0x00000000       0x68 ./Src/i2c.o
 .debug_aranges
                0x00000068       0x40 ./Src/i2c_lcd.o
 .debug_aranges
                0x000000a8       0x30 ./Src/led.o
 .debug_aranges
                0x000000d8       0x50 ./Src/lis3dsh.o
 .debug_aranges
                0x00000128       0x28 ./Src/main.o
 .debug_aranges
                0x00000150       0x40 ./Src/spi.o
 .debug_aranges
                0x00000190       0x20 ./Src/sysmem.o
 .debug_aranges
                0x000001b0       0x38 ./Src/system_stm32f4xx.o
 .debug_aranges
                0x000001e8       0x48 ./Src/uart.o
 .debug_aranges
                0x00000230       0x28 ./Startup/startup_stm32f407vgtx.o

.debug_rnglists
                0x00000000      0x19a
 .debug_rnglists
                0x00000000       0x4a ./Src/i2c.o
 .debug_rnglists
                0x0000004a       0x2d ./Src/i2c_lcd.o
 .debug_rnglists
                0x00000077       0x20 ./Src/led.o
 .debug_rnglists
                0x00000097       0x39 ./Src/lis3dsh.o
 .debug_rnglists
                0x000000d0       0x1a ./Src/main.o
 .debug_rnglists
                0x000000ea       0x2c ./Src/spi.o
 .debug_rnglists
                0x00000116       0x13 ./Src/sysmem.o
 .debug_rnglists
                0x00000129       0x26 ./Src/system_stm32f4xx.o
 .debug_rnglists
                0x0000014f       0x32 ./Src/uart.o
 .debug_rnglists
                0x00000181       0x19 ./Startup/startup_stm32f407vgtx.o

.debug_macro    0x00000000    0x199fe
 .debug_macro   0x00000000       0xdc ./Src/i2c.o
 .debug_macro   0x000000dc      0xab4 ./Src/i2c.o
 .debug_macro   0x00000b90       0x2e ./Src/i2c.o
 .debug_macro   0x00000bbe       0x2f ./Src/i2c.o
 .debug_macro   0x00000bed       0x22 ./Src/i2c.o
 .debug_macro   0x00000c0f       0x8e ./Src/i2c.o
 .debug_macro   0x00000c9d       0x51 ./Src/i2c.o
 .debug_macro   0x00000cee      0x103 ./Src/i2c.o
 .debug_macro   0x00000df1       0x6a ./Src/i2c.o
 .debug_macro   0x00000e5b      0x1df ./Src/i2c.o
 .debug_macro   0x0000103a       0x1c ./Src/i2c.o
 .debug_macro   0x00001056       0x22 ./Src/i2c.o
 .debug_macro   0x00001078       0xd9 ./Src/i2c.o
 .debug_macro   0x00001151     0x102d ./Src/i2c.o
 .debug_macro   0x0000217e      0x11f ./Src/i2c.o
 .debug_macro   0x0000229d       0x11 ./Src/i2c.o
 .debug_macro   0x000022ae    0x15e3c ./Src/i2c.o
 .debug_macro   0x000180ea       0x4a ./Src/i2c.o
 .debug_macro   0x00018134       0x10 ./Src/i2c.o
 .debug_macro   0x00018144       0xeb ./Src/i2c_lcd.o
 .debug_macro   0x0001822f       0x6a ./Src/i2c_lcd.o
 .debug_macro   0x00018299       0xd6 ./Src/led.o
 .debug_macro   0x0001836f       0x28 ./Src/led.o
 .debug_macro   0x00018397       0x74 ./Src/led.o
 .debug_macro   0x0001840b       0xeb ./Src/lis3dsh.o
 .debug_macro   0x000184f6       0x2e ./Src/lis3dsh.o
 .debug_macro   0x00018524       0xc4 ./Src/lis3dsh.o
 .debug_macro   0x000185e8      0x1fe ./Src/main.o
 .debug_macro   0x000187e6       0x61 ./Src/main.o
 .debug_macro   0x00018847       0x24 ./Src/main.o
 .debug_macro   0x0001886b       0x43 ./Src/main.o
 .debug_macro   0x000188ae       0x34 ./Src/main.o
 .debug_macro   0x000188e2       0x16 ./Src/main.o
 .debug_macro   0x000188f8       0x9e ./Src/main.o
 .debug_macro   0x00018996      0x369 ./Src/main.o
 .debug_macro   0x00018cff      0x10b ./Src/main.o
 .debug_macro   0x00018e0a       0x10 ./Src/main.o
 .debug_macro   0x00018e1a       0x16 ./Src/main.o
 .debug_macro   0x00018e30       0x43 ./Src/main.o
 .debug_macro   0x00018e73       0x34 ./Src/main.o
 .debug_macro   0x00018ea7       0x10 ./Src/main.o
 .debug_macro   0x00018eb7       0x58 ./Src/main.o
 .debug_macro   0x00018f0f       0x8e ./Src/main.o
 .debug_macro   0x00018f9d       0x1c ./Src/main.o
 .debug_macro   0x00018fb9      0x177 ./Src/main.o
 .debug_macro   0x00019130       0x16 ./Src/main.o
 .debug_macro   0x00019146       0x16 ./Src/main.o
 .debug_macro   0x0001915c      0x146 ./Src/main.o
 .debug_macro   0x000192a2       0x28 ./Src/main.o
 .debug_macro   0x000192ca       0x34 ./Src/main.o
 .debug_macro   0x000192fe       0x2e ./Src/main.o
 .debug_macro   0x0001932c       0x16 ./Src/main.o
 .debug_macro   0x00019342       0xdc ./Src/spi.o
 .debug_macro   0x0001941e       0xff ./Src/sysmem.o
 .debug_macro   0x0001951d      0x23c ./Src/sysmem.o
 .debug_macro   0x00019759       0xe0 ./Src/system_stm32f4xx.o
 .debug_macro   0x00019839      0x1c5 ./Src/uart.o

.debug_line     0x00000000     0x3173
 .debug_line    0x00000000      0x674 ./Src/i2c.o
 .debug_line    0x00000674      0x4ec ./Src/i2c_lcd.o
 .debug_line    0x00000b60      0x47f ./Src/led.o
 .debug_line    0x00000fdf      0x5d6 ./Src/lis3dsh.o
 .debug_line    0x000015b5      0x5db ./Src/main.o
 .debug_line    0x00001b90      0x510 ./Src/spi.o
 .debug_line    0x000020a0      0x4b3 ./Src/sysmem.o
 .debug_line    0x00002553      0x4d6 ./Src/system_stm32f4xx.o
 .debug_line    0x00002a29      0x6cf ./Src/uart.o
 .debug_line    0x000030f8       0x7b ./Startup/startup_stm32f407vgtx.o

.debug_str      0x00000000    0x8c9b5
 .debug_str     0x00000000    0x87c42 ./Src/i2c.o
                              0x87dc6 (size before relaxing)
 .debug_str     0x00087c42      0x175 ./Src/i2c_lcd.o
                              0x87dcf (size before relaxing)
 .debug_str     0x00087db7       0x79 ./Src/led.o
                              0x87ca3 (size before relaxing)
 .debug_str     0x00087e30      0x509 ./Src/lis3dsh.o
                              0x88107 (size before relaxing)
 .debug_str     0x00088339     0x3a8e ./Src/main.o
                              0x8bd39 (size before relaxing)
 .debug_str     0x0008bdc7       0x3f ./Src/spi.o
                              0x87d5e (size before relaxing)
 .debug_str     0x0008be06      0x4d7 ./Src/sysmem.o
                               0x608e (size before relaxing)
 .debug_str     0x0008c2dd       0xee ./Src/system_stm32f4xx.o
                              0x87dab (size before relaxing)
 .debug_str     0x0008c3cb      0x5ab ./Src/uart.o
                              0x8bd02 (size before relaxing)
 .debug_str     0x0008c976       0x3f ./Startup/startup_stm32f407vgtx.o
                                 0x6b (size before relaxing)

.comment        0x00000000       0x43
 .comment       0x00000000       0x43 ./Src/i2c.o
                                 0x44 (size before relaxing)
 .comment       0x00000043       0x44 ./Src/i2c_lcd.o
 .comment       0x00000043       0x44 ./Src/led.o
 .comment       0x00000043       0x44 ./Src/lis3dsh.o
 .comment       0x00000043       0x44 ./Src/main.o
 .comment       0x00000043       0x44 ./Src/spi.o
 .comment       0x00000043       0x44 ./Src/sysmem.o
 .comment       0x00000043       0x44 ./Src/system_stm32f4xx.o
 .comment       0x00000043       0x44 ./Src/uart.o

.debug_frame    0x00000000      0xbf4
 .debug_frame   0x00000000      0x178 ./Src/i2c.o
 .debug_frame   0x00000178       0xc8 ./Src/i2c_lcd.o
 .debug_frame   0x00000240       0x88 ./Src/led.o
 .debug_frame   0x000002c8      0x110 ./Src/lis3dsh.o
 .debug_frame   0x000003d8       0x58 ./Src/main.o
 .debug_frame   0x00000430       0xb8 ./Src/spi.o
 .debug_frame   0x000004e8       0x34 ./Src/sysmem.o
 .debug_frame   0x0000051c       0x84 ./Src/system_stm32f4xx.o
 .debug_frame   0x000005a0       0xf0 ./Src/uart.o
 .debug_frame   0x00000690      0x144 /opt/st/stm32cubeide_1.15.0/plugins/com.st.stm32cube.ide.mcu.externaltools.gnu-tools-for-stm32.12.3.rel1.linux64_1.0.100.202403111256/tools/bin/../lib/gcc/arm-none-eabi/12.3.1/../../../../arm-none-eabi/lib/thumb/v7e-m/nofp/libc_nano.a(libc_a-findfp.o)
 .debug_frame   0x000007d4       0x6c /opt/st/stm32cubeide_1.15.0/plugins/com.st.stm32cube.ide.mcu.externaltools.gnu-tools-for-stm32.12.3.rel1.linux64_1.0.100.202403111256/tools/bin/../lib/gcc/arm-none-eabi/12.3.1/../../../../arm-none-eabi/lib/thumb/v7e-m/nofp/libc_nano.a(libc_a-sprintf.o)
 .debug_frame   0x00000840       0x38 /opt/st/stm32cubeide_1.15.0/plugins/com.st.stm32cube.ide.mcu.externaltools.gnu-tools-for-stm32.12.3.rel1.linux64_1.0.100.202403111256/tools/bin/../lib/gcc/arm-none-eabi/12.3.1/../../../../arm-none-eabi/lib/thumb/v7e-m/nofp/libc_nano.a(libc_a-reent.o)
 .debug_frame   0x00000878       0x20 /opt/st/stm32cubeide_1.15.0/plugins/com.st.stm32cube.ide.mcu.externaltools.gnu-tools-for-stm32.12.3.rel1.linux64_1.0.100.202403111256/tools/bin/../lib/gcc/arm-none-eabi/12.3.1/../../../../arm-none-eabi/lib/thumb/v7e-m/nofp/libc_nano.a(libc_a-errno.o)
 .debug_frame   0x00000898       0x2c /opt/st/stm32cubeide_1.15.0/plugins/com.st.stm32cube.ide.mcu.externaltools.gnu-tools-for-stm32.12.3.rel1.linux64_1.0.100.202403111256/tools/bin/../lib/gcc/arm-none-eabi/12.3.1/../../../../arm-none-eabi/lib/thumb/v7e-m/nofp/libc_nano.a(libc_a-init.o)
 .debug_frame   0x000008c4       0xb0 /opt/st/stm32cubeide_1.15.0/plugins/com.st.stm32cube.ide.mcu.externaltools.gnu-tools-for-stm32.12.3.rel1.linux64_1.0.100.202403111256/tools/bin/../lib/gcc/arm-none-eabi/12.3.1/../../../../arm-none-eabi/lib/thumb/v7e-m/nofp/libc_nano.a(libc_a-lock.o)
 .debug_frame   0x00000974       0x38 /opt/st/stm32cubeide_1.15.0/plugins/com.st.stm32cube.ide.mcu.externaltools.gnu-tools-for-stm32.12.3.rel1.linux64_1.0.100.202403111256/tools/bin/../lib/gcc/arm-none-eabi/12.3.1/../../../../arm-none-eabi/lib/thumb/v7e-m/nofp/libc_nano.a(libc_a-freer.o)
 .debug_frame   0x000009ac       0x50 /opt/st/stm32cubeide_1.15.0/plugins/com.st.stm32cube.ide.mcu.externaltools.gnu-tools-for-stm32.12.3.rel1.linux64_1.0.100.202403111256/tools/bin/../lib/gcc/arm-none-eabi/12.3.1/../../../../arm-none-eabi/lib/thumb/v7e-m/nofp/libc_nano.a(libc_a-mallocr.o)
 .debug_frame   0x000009fc       0x30 /opt/st/stm32cubeide_1.15.0/plugins/com.st.stm32cube.ide.mcu.externaltools.gnu-tools-for-stm32.12.3.rel1.linux64_1.0.100.202403111256/tools/bin/../lib/gcc/arm-none-eabi/12.3.1/../../../../arm-none-eabi/lib/thumb/v7e-m/nofp/libc_nano.a(libc_a-mlock.o)
 .debug_frame   0x00000a2c       0x90 /opt/st/stm32cubeide_1.15.0/plugins/com.st.stm32cube.ide.mcu.externaltools.gnu-tools-for-stm32.12.3.rel1.linux64_1.0.100.202403111256/tools/bin/../lib/gcc/arm-none-eabi/12.3.1/../../../../arm-none-eabi/lib/thumb/v7e-m/nofp/libc_nano.a(libc_a-nano-svfprintf.o)
 .debug_frame   0x00000abc       0x60 /opt/st/stm32cubeide_1.15.0/plugins/com.st.stm32cube.ide.mcu.externaltools.gnu-tools-for-stm32.12.3.rel1.linux64_1.0.100.202403111256/tools/bin/../lib/gcc/arm-none-eabi/12.3.1/../../../../arm-none-eabi/lib/thumb/v7e-m/nofp/libc_nano.a(libc_a-nano-vfprintf_i.o)
 .debug_frame   0x00000b1c       0x28 /opt/st/stm32cubeide_1.15.0/plugins/com.st.stm32cube.ide.mcu.externaltools.gnu-tools-for-stm32.12.3.rel1.linux64_1.0.100.202403111256/tools/bin/../lib/gcc/arm-none-eabi/12.3.1/../../../../arm-none-eabi/lib/thumb/v7e-m/nofp/libc_nano.a(libc_a-memmove.o)
 .debug_frame   0x00000b44       0x2c /opt/st/stm32cubeide_1.15.0/plugins/com.st.stm32cube.ide.mcu.externaltools.gnu-tools-for-stm32.12.3.rel1.linux64_1.0.100.202403111256/tools/bin/../lib/gcc/arm-none-eabi/12.3.1/../../../../arm-none-eabi/lib/thumb/v7e-m/nofp/libc_nano.a(libc_a-sbrkr.o)
 .debug_frame   0x00000b70       0x28 /opt/st/stm32cubeide_1.15.0/plugins/com.st.stm32cube.ide.mcu.externaltools.gnu-tools-for-stm32.12.3.rel1.linux64_1.0.100.202403111256/tools/bin/../lib/gcc/arm-none-eabi/12.3.1/../../../../arm-none-eabi/lib/thumb/v7e-m/nofp/libc_nano.a(libc_a-memcpy-stub.o)
 .debug_frame   0x00000b98       0x3c /opt/st/stm32cubeide_1.15.0/plugins/com.st.stm32cube.ide.mcu.externaltools.gnu-tools-for-stm32.12.3.rel1.linux64_1.0.100.202403111256/tools/bin/../lib/gcc/arm-none-eabi/12.3.1/../../../../arm-none-eabi/lib/thumb/v7e-m/nofp/libc_nano.a(libc_a-reallocr.o)
 .debug_frame   0x00000bd4       0x20 /opt/st/stm32cubeide_1.15.0/plugins/com.st.stm32cube.ide.mcu.externaltools.gnu-tools-for-stm32.12.3.rel1.linux64_1.0.100.202403111256/tools/bin/../lib/gcc/arm-none-eabi/12.3.1/../../../../arm-none-eabi/lib/thumb/v7e-m/nofp/libc_nano.a(libc_a-msizer.o)

.debug_loclists
                0x00000000       0x1f
 .debug_loclists
                0x00000000       0x1f ./Src/system_stm32f4xx.o

.debug_line_str
                0x00000000       0x4f
 .debug_line_str
                0x00000000       0x4f ./Startup/startup_stm32f407vgtx.o
