Archive member included to satisfy reference by file (symbol)

/opt/st/stm32cubeide_1.15.0/plugins/com.st.stm32cube.ide.mcu.externaltools.gnu-tools-for-stm32.12.3.rel1.linux64_1.0.100.202403111256/tools/bin/../lib/gcc/arm-none-eabi/12.3.1/../../../../arm-none-eabi/lib/thumb/v7e-m/nofp/libc_nano.a(libc_a-exit.o)
                              /opt/st/stm32cubeide_1.15.0/plugins/com.st.stm32cube.ide.mcu.externaltools.gnu-tools-for-stm32.12.3.rel1.linux64_1.0.100.202403111256/tools/bin/../lib/gcc/arm-none-eabi/12.3.1/../../../../arm-none-eabi/lib/thumb/v7e-m/nofp/crt0.o (exit)
/opt/st/stm32cubeide_1.15.0/plugins/com.st.stm32cube.ide.mcu.externaltools.gnu-tools-for-stm32.12.3.rel1.linux64_1.0.100.202403111256/tools/bin/../lib/gcc/arm-none-eabi/12.3.1/../../../../arm-none-eabi/lib/thumb/v7e-m/nofp/libc_nano.a(libc_a-itoa.o)
                              ./Src/main.o (itoa)
/opt/st/stm32cubeide_1.15.0/plugins/com.st.stm32cube.ide.mcu.externaltools.gnu-tools-for-stm32.12.3.rel1.linux64_1.0.100.202403111256/tools/bin/../lib/gcc/arm-none-eabi/12.3.1/../../../../arm-none-eabi/lib/thumb/v7e-m/nofp/libc_nano.a(libc_a-utoa.o)
                              /opt/st/stm32cubeide_1.15.0/plugins/com.st.stm32cube.ide.mcu.externaltools.gnu-tools-for-stm32.12.3.rel1.linux64_1.0.100.202403111256/tools/bin/../lib/gcc/arm-none-eabi/12.3.1/../../../../arm-none-eabi/lib/thumb/v7e-m/nofp/libc_nano.a(libc_a-itoa.o) (__utoa)
/opt/st/stm32cubeide_1.15.0/plugins/com.st.stm32cube.ide.mcu.externaltools.gnu-tools-for-stm32.12.3.rel1.linux64_1.0.100.202403111256/tools/bin/../lib/gcc/arm-none-eabi/12.3.1/../../../../arm-none-eabi/lib/thumb/v7e-m/nofp/libc_nano.a(libc_a-findfp.o)
                              /opt/st/stm32cubeide_1.15.0/plugins/com.st.stm32cube.ide.mcu.externaltools.gnu-tools-for-stm32.12.3.rel1.linux64_1.0.100.202403111256/tools/bin/../lib/gcc/arm-none-eabi/12.3.1/../../../../arm-none-eabi/lib/thumb/v7e-m/nofp/libc_nano.a(libc_a-exit.o) (__stdio_exit_handler)
/opt/st/stm32cubeide_1.15.0/plugins/com.st.stm32cube.ide.mcu.externaltools.gnu-tools-for-stm32.12.3.rel1.linux64_1.0.100.202403111256/tools/bin/../lib/gcc/arm-none-eabi/12.3.1/../../../../arm-none-eabi/lib/thumb/v7e-m/nofp/libc_nano.a(libc_a-fwalk.o)
                              /opt/st/stm32cubeide_1.15.0/plugins/com.st.stm32cube.ide.mcu.externaltools.gnu-tools-for-stm32.12.3.rel1.linux64_1.0.100.202403111256/tools/bin/../lib/gcc/arm-none-eabi/12.3.1/../../../../arm-none-eabi/lib/thumb/v7e-m/nofp/libc_nano.a(libc_a-findfp.o) (_fwalk_sglue)
/opt/st/stm32cubeide_1.15.0/plugins/com.st.stm32cube.ide.mcu.externaltools.gnu-tools-for-stm32.12.3.rel1.linux64_1.0.100.202403111256/tools/bin/../lib/gcc/arm-none-eabi/12.3.1/../../../../arm-none-eabi/lib/thumb/v7e-m/nofp/libc_nano.a(libc_a-stdio.o)
                              /opt/st/stm32cubeide_1.15.0/plugins/com.st.stm32cube.ide.mcu.externaltools.gnu-tools-for-stm32.12.3.rel1.linux64_1.0.100.202403111256/tools/bin/../lib/gcc/arm-none-eabi/12.3.1/../../../../arm-none-eabi/lib/thumb/v7e-m/nofp/libc_nano.a(libc_a-findfp.o) (__sread)
/opt/st/stm32cubeide_1.15.0/plugins/com.st.stm32cube.ide.mcu.externaltools.gnu-tools-for-stm32.12.3.rel1.linux64_1.0.100.202403111256/tools/bin/../lib/gcc/arm-none-eabi/12.3.1/../../../../arm-none-eabi/lib/thumb/v7e-m/nofp/libc_nano.a(libc_a-memset.o)
                              /opt/st/stm32cubeide_1.15.0/plugins/com.st.stm32cube.ide.mcu.externaltools.gnu-tools-for-stm32.12.3.rel1.linux64_1.0.100.202403111256/tools/bin/../lib/gcc/arm-none-eabi/12.3.1/../../../../arm-none-eabi/lib/thumb/v7e-m/nofp/crt0.o (memset)
/opt/st/stm32cubeide_1.15.0/plugins/com.st.stm32cube.ide.mcu.externaltools.gnu-tools-for-stm32.12.3.rel1.linux64_1.0.100.202403111256/tools/bin/../lib/gcc/arm-none-eabi/12.3.1/../../../../arm-none-eabi/lib/thumb/v7e-m/nofp/libc_nano.a(libc_a-closer.o)
                              /opt/st/stm32cubeide_1.15.0/plugins/com.st.stm32cube.ide.mcu.externaltools.gnu-tools-for-stm32.12.3.rel1.linux64_1.0.100.202403111256/tools/bin/../lib/gcc/arm-none-eabi/12.3.1/../../../../arm-none-eabi/lib/thumb/v7e-m/nofp/libc_nano.a(libc_a-stdio.o) (_close_r)
/opt/st/stm32cubeide_1.15.0/plugins/com.st.stm32cube.ide.mcu.externaltools.gnu-tools-for-stm32.12.3.rel1.linux64_1.0.100.202403111256/tools/bin/../lib/gcc/arm-none-eabi/12.3.1/../../../../arm-none-eabi/lib/thumb/v7e-m/nofp/libc_nano.a(libc_a-reent.o)
                              /opt/st/stm32cubeide_1.15.0/plugins/com.st.stm32cube.ide.mcu.externaltools.gnu-tools-for-stm32.12.3.rel1.linux64_1.0.100.202403111256/tools/bin/../lib/gcc/arm-none-eabi/12.3.1/../../../../arm-none-eabi/lib/thumb/v7e-m/nofp/libc_nano.a(libc_a-closer.o) (errno)
/opt/st/stm32cubeide_1.15.0/plugins/com.st.stm32cube.ide.mcu.externaltools.gnu-tools-for-stm32.12.3.rel1.linux64_1.0.100.202403111256/tools/bin/../lib/gcc/arm-none-eabi/12.3.1/../../../../arm-none-eabi/lib/thumb/v7e-m/nofp/libc_nano.a(libc_a-impure.o)
[...]
Memory Configuration

Name             Origin             Length             Attributes
CCMRAM           0x10000000         0x00010000         xrw
RAM              0x20000000         0x00020000         xrw
FLASH            0x08000000         0x00100000         xr
*default*        0x00000000         0xffffffff

Linker script and memory map

LOAD /opt/st/stm32cubeide_1.15.0/plugins/com.st.stm32cube.ide.mcu.externaltools.gnu-tools-for-stm32.12.3.rel1.linux64_1.0.100.202403111256/tools/bin/../lib/gcc/arm-none-eabi/12.3.1/thumb/v7e-m/nofp/crti.o
LOAD /opt/st/stm32cubeide_1.15.0/plugins/com.st.stm32cube.ide.mcu.externaltools.gnu-tools-for-stm32.12.3.rel1.linux64_1.0.100.202403111256/tools/bin/../lib/gcc/arm-none-eabi/12.3.1/thumb/v7e-m/nofp/crtbegin.o
LOAD /opt/st/stm32cubeide_1.15.0/plugins/com.st.stm32cube.ide.mcu.externaltools.gnu-tools-for-stm32.12.3.rel1.linux64_1.0.100.202403111256/tools/bin/../lib/gcc/arm-none-eabi/12.3.1/../../../../arm-none-eabi/lib/thumb/v7e-m/nofp/crt0.o
LOAD ./Src/itm.o
LOAD ./Src/led.o
LOAD ./Src/main.o
LOAD ./Src/switch.o
LOAD ./Src/syscalls.o
LOAD ./Src/sysmem.o
LOAD ./Src/system_stm32f4xx.o
LOAD ./Src/uart.o
LOAD ./Startup/startup_stm32f407vgtx.o
START GROUP
LOAD /opt/st/stm32cubeide_1.15.0/plugins/com.st.stm32cube.ide.mcu.externaltools.gnu-tools-for-stm32.12.3.rel1.linux64_1.0.100.202403111256/tools/bin/../lib/gcc/arm-none-eabi/12.3.1/../../../../arm-none-eabi/lib/thumb/v7e-m/nofp/libc_nano.a
LOAD /opt/st/stm32cubeide_1.15.0/plugins/com.st.stm32cube.ide.mcu.externaltools.gnu-tools-for-stm32.12.3.rel1.linux64_1.0.100.202403111256/tools/bin/../lib/gcc/arm-none-eabi/12.3.1/../../../../arm-none-eabi/lib/thumb/v7e-m/nofp/libm.a
END GROUP
START GROUP
LOAD /opt/st/stm32cubeide_1.15.0/plugins/com.st.stm32cube.ide.mcu.externaltools.gnu-tools-for-stm32.12.3.rel1.linux64_1.0.100.202403111256/tools/bin/../lib/gcc/arm-none-eabi/12.3.1/thumb/v7e-m/nofp/libgcc.a
LOAD /opt/st/stm32cubeide_1.15.0/plugins/com.st.stm32cube.ide.mcu.externaltools.gnu-tools-for-stm32.12.3.rel1.linux64_1.0.100.202403111256/tools/bin/../lib/gcc/arm-none-eabi/12.3.1/../../../../arm-none-eabi/lib/thumb/v7e-m/nofp/libc_nano.a
END GROUP
START GROUP
LOAD /opt/st/stm32cubeide_1.15.0/plugins/com.st.stm32cube.ide.mcu.externaltools.gnu-tools-for-stm32.12.3.rel1.linux64_1.0.100.202403111256/tools/bin/../lib/gcc/arm-none-eabi/12.3.1/thumb/v7e-m/nofp/libgcc.a
LOAD /opt/st/stm32cubeide_1.15.0/plugins/com.st.stm32cube.ide.mcu.externaltools.gnu-tools-for-stm32.12.3.rel1.linux64_1.0.100.202403111256/tools/bin/../lib/gcc/arm-none-eabi/12.3.1/../../../../arm-none-eabi/lib/thumb/v7e-m/nofp/libc_nano.a
LOAD /opt/st/stm32cubeide_1.15.0/plugins/com.st.stm32cube.ide.mcu.externaltools.gnu-tools-for-stm32.12.3.rel1.linux64_1.0.100.202403111256/tools/bin/../lib/gcc/arm-none-eabi/12.3.1/../../../../arm-none-eabi/lib/thumb/v7e-m/nofp/libnosys.a
END GROUP
START GROUP
LOAD /opt/st/stm32cubeide_1.15.0/plugins/com.st.stm32cube.ide.mcu.externaltools.gnu-tools-for-stm32.12.3.rel1.linux64_1.0.100.202403111256/tools/bin/../lib/gcc/arm-none-eabi/12.3.1/thumb/v7e-m/nofp/libgcc.a
LOAD /opt/st/stm32cubeide_1.15.0/plugins/com.st.stm32cube.ide.mcu.externaltools.gnu-tools-for-stm32.12.3.rel1.linux64_1.0.100.202403111256/tools/bin/../lib/gcc/arm-none-eabi/12.3.1/../../../../arm-none-eabi/lib/thumb/v7e-m/nofp/libc_nano.a
LOAD /opt/st/stm32cubeide_1.15.0/plugins/com.st.stm32cube.ide.mcu.externaltools.gnu-tools-for-stm32.12.3.rel1.linux64_1.0.100.202403111256/tools/bin/../lib/gcc/arm-none-eabi/12.3.1/../../../../arm-none-eabi/lib/thumb/v7e-m/nofp/libnosys.a
END GROUP
LOAD /opt/st/stm32cubeide_1.15.0/plugins/com.st.stm32cube.ide.mcu.externaltools.gnu-tools-for-stm32.12.3.rel1.linux64_1.0.100.202403111256/tools/bin/../lib/gcc/arm-none-eabi/12.3.1/thumb/v7e-m/nofp/crtend.o
LOAD /opt/st/stm32cubeide_1.15.0/plugins/com.st.stm32cube.ide.mcu.externaltools.gnu-tools-for-stm32.12.3.rel1.linux64_1.0.100.202403111256/tools/bin/../lib/gcc/arm-none-eabi/12.3.1/thumb/v7e-m/nofp/crtn.o
                0x20020000                        _estack = (ORIGIN (RAM) + LENGTH (RAM))
                0x00000200                        _Min_Heap_Size = 0x200
                0x00000400                        _Min_Stack_Size = 0x400

.isr_vector     0x08000000      0x188
                0x08000000                        . = ALIGN (0x4)
 *(.isr_vector)
 .isr_vector    0x08000000      0x188 ./Startup/startup_stm32f407vgtx.o
                0x08000000                g_pfnVectors
                0x08000188                        . = ALIGN (0x4)

.text           0x08000188      0x794
                0x08000188                        . = ALIGN (0x4)
 *(.text)
 .text          0x08000188       0x40 /opt/st/stm32cubeide_1.15.0/plugins/com.st.stm32cube.ide.mcu.externaltools.gnu-tools-for-stm32.12.3.rel1.linux64_1.0.100.202403111256/tools/bin/../lib/gcc/arm-none-eabi/12.3.1/thumb/v7e-m/nofp/crtbegin.o
 *(.text*)
 .text.DelayMs  0x080001c8       0x50 ./Src/led.o
 .text.LedInit  0x08000218       0xb4 ./Src/led.o
                0x08000218                LedInit
 .text.LedOn    0x080002cc       0x2c ./Src/led.o
                0x080002cc                LedOn
 .text.LedOff   0x080002f8       0x2c ./Src/led.o
                0x080002f8                LedOff
 .text.LedBlink
                0x08000324       0x24 ./Src/led.o
                0x08000324                LedBlink
 .text.DelayMs  0x08000348       0x50 ./Src/main.o
 .text.main     0x08000398       0xb4 ./Src/main.o
                0x08000398                main
 .text.__NVIC_EnableIRQ
                0x0800044c       0x38 ./Src/switch.o
 .text.SwitchInit
                0x08000484       0xc4 ./Src/switch.o
                0x08000484                SwitchInit
 .text.EXTI0_IRQHandler
                0x08000548       0x28 ./Src/switch.o
                0x08000548                EXTI0_IRQHandler
 .text.SystemInit
                0x08000570        0xc ./Src/system_stm32f4xx.o
                0x08000570                SystemInit
 .text.DWT_Init
                0x0800057c       0x60 ./Src/system_stm32f4xx.o
                0x0800057c                DWT_Init
 .text.__NVIC_EnableIRQ
                0x080005dc       0x38 ./Src/uart.o
 .text.UartInit
                0x08000614       0xe0 ./Src/uart.o
                0x08000614                UartInit
 .text.UartPuts
                0x080006f4       0x50 ./Src/uart.o
                0x080006f4                UartPuts
 .text.USART2_IRQHandler
                0x08000744       0x6c ./Src/uart.o
                0x08000744                USART2_IRQHandler
 .text.Reset_Handler
                0x080007b0       0x50 ./Startup/startup_stm32f407vgtx.o
                0x080007b0                Reset_Handler
 .text.Default_Handler
                0x08000800        0x2 ./Startup/startup_stm32f407vgtx.o
                0x08000800                RTC_Alarm_IRQHandler
                0x08000800                HASH_RNG_IRQHandler
                0x08000800                EXTI2_IRQHandler
                0x08000800                TIM8_CC_IRQHandler
                0x08000800                DebugMon_Handler
                0x08000800                TIM1_CC_IRQHandler
                0x08000800                DMA2_Stream5_IRQHandler
                0x08000800                HardFault_Handler
                0x08000800                DMA1_Stream5_IRQHandler
                0x08000800                SysTick_Handler
                0x08000800                PVD_IRQHandler
                0x08000800                SDIO_IRQHandler
                0x08000800                TAMP_STAMP_IRQHandler
                0x08000800                PendSV_Handler
                0x08000800                NMI_Handler
                0x08000800                CAN2_RX1_IRQHandler
                0x08000800                EXTI3_IRQHandler
                0x08000800                TIM8_TRG_COM_TIM14_IRQHandler
                0x08000800                TIM1_UP_TIM10_IRQHandler
                0x08000800                TIM8_UP_TIM13_IRQHandler
                0x08000800                I2C3_ER_IRQHandler
                0x08000800                I2C2_EV_IRQHandler
                0x08000800                DMA1_Stream2_IRQHandler
                0x08000800                CAN1_RX0_IRQHandler
                0x08000800                FPU_IRQHandler
                0x08000800                OTG_HS_WKUP_IRQHandler
                0x08000800                UsageFault_Handler
                0x08000800                CAN2_SCE_IRQHandler
                0x08000800                DMA2_Stream2_IRQHandler
                0x08000800                SPI1_IRQHandler
                0x08000800                TIM6_DAC_IRQHandler
                0x08000800                TIM1_BRK_TIM9_IRQHandler
                0x08000800                DCMI_IRQHandler
                0x08000800                CAN2_RX0_IRQHandler
                0x08000800                DMA2_Stream3_IRQHandler
                0x08000800                USART6_IRQHandler
                0x08000800                USART3_IRQHandler
                0x08000800                CRYP_IRQHandler
                0x08000800                CAN1_RX1_IRQHandler
                0x08000800                UART5_IRQHandler
                0x08000800                DMA2_Stream0_IRQHandler
                0x08000800                TIM4_IRQHandler
                0x08000800                I2C1_EV_IRQHandler
                0x08000800                DMA1_Stream6_IRQHandler
                0x08000800                DMA1_Stream1_IRQHandler
                0x08000800                UART4_IRQHandler
                0x08000800                TIM3_IRQHandler
                0x08000800                RCC_IRQHandler
                0x08000800                TIM8_BRK_TIM12_IRQHandler
                0x08000800                Default_Handler
                0x08000800                EXTI15_10_IRQHandler
                0x08000800                ADC_IRQHandler
                0x08000800                DMA1_Stream7_IRQHandler
                0x08000800                TIM7_IRQHandler
                0x08000800                CAN2_TX_IRQHandler
                0x08000800                TIM5_IRQHandler
                0x08000800                DMA2_Stream7_IRQHandler
                0x08000800                I2C3_EV_IRQHandler
                0x08000800                EXTI9_5_IRQHandler
                0x08000800                RTC_WKUP_IRQHandler
                0x08000800                ETH_WKUP_IRQHandler
                0x08000800                SPI2_IRQHandler
                0x08000800                OTG_HS_EP1_IN_IRQHandler
                0x08000800                MemManage_Handler
                0x08000800                DMA1_Stream0_IRQHandler
                0x08000800                CAN1_TX_IRQHandler
                0x08000800                SVC_Handler
                0x08000800                EXTI4_IRQHandler
                0x08000800                FSMC_IRQHandler
                0x08000800                ETH_IRQHandler
                0x08000800                OTG_HS_EP1_OUT_IRQHandler
                0x08000800                WWDG_IRQHandler
                0x08000800                TIM2_IRQHandler
                0x08000800                OTG_FS_WKUP_IRQHandler
                0x08000800                TIM1_TRG_COM_TIM11_IRQHandler
                0x08000800                OTG_HS_IRQHandler
                0x08000800                EXTI1_IRQHandler
                0x08000800                I2C2_ER_IRQHandler
                0x08000800                DMA2_Stream1_IRQHandler
                0x08000800                CAN1_SCE_IRQHandler
                0x08000800                DMA2_Stream4_IRQHandler
                0x08000800                BusFault_Handler
                0x08000800                USART1_IRQHandler
                0x08000800                OTG_FS_IRQHandler
                0x08000800                SPI3_IRQHandler
                0x08000800                DMA1_Stream4_IRQHandler
                0x08000800                I2C1_ER_IRQHandler
                0x08000800                DMA2_Stream6_IRQHandler
                0x08000800                DMA1_Stream3_IRQHandler
 .text.__itoa   0x08000802       0x30 /opt/st/stm32cubeide_1.15.0/plugins/com.st.stm32cube.ide.mcu.externaltools.gnu-tools-for-stm32.12.3.rel1.linux64_1.0.100.202403111256/tools/bin/../lib/gcc/arm-none-eabi/12.3.1/../../../../arm-none-eabi/lib/thumb/v7e-m/nofp/libc_nano.a(libc_a-itoa.o)
                0x08000802                __itoa
 .text.itoa     0x08000832        0x4 /opt/st/stm32cubeide_1.15.0/plugins/com.st.stm32cube.ide.mcu.externaltools.gnu-tools-for-stm32.12.3.rel1.linux64_1.0.100.202403111256/tools/bin/../lib/gcc/arm-none-eabi/12.3.1/../../../../arm-none-eabi/lib/thumb/v7e-m/nofp/libc_nano.a(libc_a-itoa.o)
                0x08000832                itoa
 *fill*         0x08000836        0x2 
 .text.__utoa   0x08000838       0x84 /opt/st/stm32cubeide_1.15.0/plugins/com.st.stm32cube.ide.mcu.externaltools.gnu-tools-for-stm32.12.3.rel1.linux64_1.0.100.202403111256/tools/bin/../lib/gcc/arm-none-eabi/12.3.1/../../../../arm-none-eabi/lib/thumb/v7e-m/nofp/libc_nano.a(libc_a-utoa.o)
                0x08000838                __utoa
 .text.__libc_init_array
                0x080008bc       0x48 /opt/st/stm32cubeide_1.15.0/plugins/com.st.stm32cube.ide.mcu.externaltools.gnu-tools-for-stm32.12.3.rel1.linux64_1.0.100.202403111256/tools/bin/../lib/gcc/arm-none-eabi/12.3.1/../../../../arm-none-eabi/lib/thumb/v7e-m/nofp/libc_nano.a(libc_a-init.o)
                0x080008bc                __libc_init_array
 *(.glue_7)
 .glue_7        0x08000904        0x0 linker stubs
 *(.glue_7t)
 .glue_7t       0x08000904        0x0 linker stubs
 *(.eh_frame)
 .eh_frame      0x08000904        0x0 /opt/st/stm32cubeide_1.15.0/plugins/com.st.stm32cube.ide.mcu.externaltools.gnu-tools-for-stm32.12.3.rel1.linux64_1.0.100.202403111256/tools/bin/../lib/gcc/arm-none-eabi/12.3.1/thumb/v7e-m/nofp/crtbegin.o
 *(.init)
 .init          0x08000904        0x4 /opt/st/stm32cubeide_1.15.0/plugins/com.st.stm32cube.ide.mcu.externaltools.gnu-tools-for-stm32.12.3.rel1.linux64_1.0.100.202403111256/tools/bin/../lib/gcc/arm-none-eabi/12.3.1/thumb/v7e-m/nofp/crti.o
                0x08000904                _init
 .init          0x08000908        0x8 /opt/st/stm32cubeide_1.15.0/plugins/com.st.stm32cube.ide.mcu.externaltools.gnu-tools-for-stm32.12.3.rel1.linux64_1.0.100.202403111256/tools/bin/../lib/gcc/arm-none-eabi/12.3.1/thumb/v7e-m/nofp/crtn.o
 *(.fini)
 .fini          0x08000910        0x4 /opt/st/stm32cubeide_1.15.0/plugins/com.st.stm32cube.ide.mcu.externaltools.gnu-tools-for-stm32.12.3.rel1.linux64_1.0.100.202403111256/tools/bin/../lib/gcc/arm-none-eabi/12.3.1/thumb/v7e-m/nofp/crti.o
                0x08000910                _fini
 .fini          0x08000914        0x8 /opt/st/stm32cubeide_1.15.0/plugins/com.st.stm32cube.ide.mcu.externaltools.gnu-tools-for-stm32.12.3.rel1.linux64_1.0.100.202403111256/tools/bin/../lib/gcc/arm-none-eabi/12.3.1/thumb/v7e-m/nofp/crtn.o
                0x0800091c                        . = ALIGN (0x4)
                0x0800091c                        _etext = .

.vfp11_veneer   0x0800091c        0x0
 .vfp11_veneer  0x0800091c        0x0 linker stubs

.v4_bx          0x0800091c        0x0
 .v4_bx         0x0800091c        0x0 linker stubs

.iplt           0x0800091c        0x0
 .iplt          0x0800091c        0x0 /opt/st/stm32cubeide_1.15.0/plugins/com.st.stm32cube.ide.mcu.externaltools.gnu-tools-for-stm32.12.3.rel1.linux64_1.0.100.202403111256/tools/bin/../lib/gcc/arm-none-eabi/12.3.1/thumb/v7e-m/nofp/crtbegin.o

.rodata         0x0800091c       0x30
                0x0800091c                        . = ALIGN (0x4)
 *(.rodata)
 .rodata        0x0800091c        0xb ./Src/main.o
 *(.rodata*)
 .rodata.__utoa.str1.1
                0x08000927       0x25 /opt/st/stm32cubeide_1.15.0/plugins/com.st.stm32cube.ide.mcu.externaltools.gnu-tools-for-stm32.12.3.rel1.linux64_1.0.100.202403111256/tools/bin/../lib/gcc/arm-none-eabi/12.3.1/../../../../arm-none-eabi/lib/thumb/v7e-m/nofp/libc_nano.a(libc_a-utoa.o)
                0x0800094c                        . = ALIGN (0x4)

.ARM.extab      0x0800094c        0x0
                0x0800094c                        . = ALIGN (0x4)
 *(.ARM.extab* .gnu.linkonce.armextab.*)
                0x0800094c                        . = ALIGN (0x4)

.ARM            0x0800094c        0x0
                0x0800094c                        . = ALIGN (0x4)
                0x0800094c                        __exidx_start = .
 *(.ARM.exidx*)
                0x0800094c                        __exidx_end = .
                0x0800094c                        . = ALIGN (0x4)

.preinit_array  0x0800094c        0x0
                0x0800094c                        . = ALIGN (0x4)
                0x0800094c                        PROVIDE (__preinit_array_start = .)
 *(.preinit_array*)
                0x0800094c                        PROVIDE (__preinit_array_end = .)
                0x0800094c                        . = ALIGN (0x4)

.init_array     0x0800094c        0x4
                0x0800094c                        . = ALIGN (0x4)
                0x0800094c                        PROVIDE (__init_array_start = .)
 *(SORT_BY_NAME(.init_array.*))
 *(.init_array*)
 .init_array    0x0800094c        0x4 /opt/st/stm32cubeide_1.15.0/plugins/com.st.stm32cube.ide.mcu.externaltools.gnu-tools-for-stm32.12.3.rel1.linux64_1.0.100.202403111256/tools/bin/../lib/gcc/arm-none-eabi/12.3.1/thumb/v7e-m/nofp/crtbegin.o
                0x08000950                        PROVIDE (__init_array_end = .)
                0x08000950                        . = ALIGN (0x4)

.fini_array     0x08000950        0x4
                0x08000950                        . = ALIGN (0x4)
                [!provide]                        PROVIDE (__fini_array_start = .)
 *(SORT_BY_NAME(.fini_array.*))
 *(.fini_array*)
 .fini_array    0x08000950        0x4 /opt/st/stm32cubeide_1.15.0/plugins/com.st.stm32cube.ide.mcu.externaltools.gnu-tools-for-stm32.12.3.rel1.linux64_1.0.100.202403111256/tools/bin/../lib/gcc/arm-none-eabi/12.3.1/thumb/v7e-m/nofp/crtbegin.o
                [!provide]                        PROVIDE (__fini_array_end = .)
                0x08000954                        . = ALIGN (0x4)
                0x08000954                        _sidata = LOADADDR (.data)

.rel.dyn        0x08000954        0x0
 .rel.iplt      0x08000954        0x0 /opt/st/stm32cubeide_1.15.0/plugins/com.st.stm32cube.ide.mcu.externaltools.gnu-tools-for-stm32.12.3.rel1.linux64_1.0.100.202403111256/tools/bin/../lib/gcc/arm-none-eabi/12.3.1/thumb/v7e-m/nofp/crtbegin.o

.data           0x20000000        0x4 load address 0x08000954
                0x20000000                        . = ALIGN (0x4)
                0x20000000                        _sdata = .
 *(.data)
 *(.data*)
 .data.SystemCoreClock
                0x20000000        0x4 ./Src/system_stm32f4xx.o
                0x20000000                SystemCoreClock
 *(.RamFunc)
 *(.RamFunc*)
                0x20000004                        . = ALIGN (0x4)
                0x20000004                        _edata = .
                0x08000958                        _siccmram = LOADADDR (.ccmram)

.igot.plt       0x20000004        0x0 load address 0x08000958
 .igot.plt      0x20000004        0x0 /opt/st/stm32cubeide_1.15.0/plugins/com.st.stm32cube.ide.mcu.externaltools.gnu-tools-for-stm32.12.3.rel1.linux64_1.0.100.202403111256/tools/bin/../lib/gcc/arm-none-eabi/12.3.1/thumb/v7e-m/nofp/crtbegin.o

.ccmram         0x10000000        0x0 load address 0x08000958
                0x10000000                        . = ALIGN (0x4)
                0x10000000                        _sccmram = .
 *(.ccmram)
 *(.ccmram*)
                0x10000000                        . = ALIGN (0x4)
                0x10000000                        _eccmram = .
                0x10000000                        . = ALIGN (0x4)

.bss            0x20000004       0x30
                0x20000004                        _sbss = .
                0x20000004                        __bss_start__ = _sbss
 *(.bss)
 .bss           0x20000004       0x1c /opt/st/stm32cubeide_1.15.0/plugins/com.st.stm32cube.ide.mcu.externaltools.gnu-tools-for-stm32.12.3.rel1.linux64_1.0.100.202403111256/tools/bin/../lib/gcc/arm-none-eabi/12.3.1/thumb/v7e-m/nofp/crtbegin.o
 *(.bss*)
 .bss.count     0x20000020        0x4 ./Src/switch.o
                0x20000020                count
 .bss.exti0_flag
                0x20000024        0x4 ./Src/switch.o
                0x20000024                exti0_flag
 .bss.tx_string
                0x20000028        0x4 ./Src/uart.o
                0x20000028                tx_string
 .bss.tx_index  0x2000002c        0x4 ./Src/uart.o
                0x2000002c                tx_index
 .bss.tx_complete
                0x20000030        0x4 ./Src/uart.o
                0x20000030                tx_complete
 *(COMMON)
                0x20000034                        . = ALIGN (0x4)
                0x20000034                        _ebss = .
                0x20000034                        __bss_end__ = _ebss

._user_heap_stack
                0x20000034      0x604
                0x20000038                        . = ALIGN (0x8)
 *fill*         0x20000034        0x4 
                [!provide]                        PROVIDE (end = .)
                0x20000038                        PROVIDE (_end = .)
                0x20000238                        . = (. + _Min_Heap_Size)
 *fill*         0x20000038      0x200 
                0x20000638                        . = (. + _Min_Stack_Size)
 *fill*         0x20000238      0x400 
                0x20000638                        . = ALIGN (0x8)

/DISCARD/
 libc.a(*)
 libm.a(*)
 libgcc.a(*)

.ARM.attributes
                0x00000000       0x2a
 *(.ARM.attributes)
 .ARM.attributes
                0x00000000       0x1e /opt/st/stm32cubeide_1.15.0/plugins/com.st.stm32cube.ide.mcu.externaltools.gnu-tools-for-stm32.12.3.rel1.linux64_1.0.100.202403111256/tools/bin/../lib/gcc/arm-none-eabi/12.3.1/thumb/v7e-m/nofp/crti.o
 .ARM.attributes
                0x0000001e       0x2e /opt/st/stm32cubeide_1.15.0/plugins/com.st.stm32cube.ide.mcu.externaltools.gnu-tools-for-stm32.12.3.rel1.linux64_1.0.100.202403111256/tools/bin/../lib/gcc/arm-none-eabi/12.3.1/thumb/v7e-m/nofp/crtbegin.o
 .ARM.attributes
                0x0000004c       0x2e ./Src/led.o
 .ARM.attributes
                0x0000007a       0x2e ./Src/main.o
 .ARM.attributes
                0x000000a8       0x2e ./Src/switch.o
 .ARM.attributes
                0x000000d6       0x2e ./Src/system_stm32f4xx.o
 .ARM.attributes
                0x00000104       0x2e ./Src/uart.o
 .ARM.attributes
                0x00000132       0x21 ./Startup/startup_stm32f407vgtx.o
 .ARM.attributes
                0x00000153       0x2e /opt/st/stm32cubeide_1.15.0/plugins/com.st.stm32cube.ide.mcu.externaltools.gnu-tools-for-stm32.12.3.rel1.linux64_1.0.100.202403111256/tools/bin/../lib/gcc/arm-none-eabi/12.3.1/../../../../arm-none-eabi/lib/thumb/v7e-m/nofp/libc_nano.a(libc_a-itoa.o)
 .ARM.attributes
                0x00000181       0x2e /opt/st/stm32cubeide_1.15.0/plugins/com.st.stm32cube.ide.mcu.externaltools.gnu-tools-for-stm32.12.3.rel1.linux64_1.0.100.202403111256/tools/bin/../lib/gcc/arm-none-eabi/12.3.1/../../../../arm-none-eabi/lib/thumb/v7e-m/nofp/libc_nano.a(libc_a-utoa.o)
 .ARM.attributes
                0x000001af       0x2e /opt/st/stm32cubeide_1.15.0/plugins/com.st.stm32cube.ide.mcu.externaltools.gnu-tools-for-stm32.12.3.rel1.linux64_1.0.100.202403111256/tools/bin/../lib/gcc/arm-none-eabi/12.3.1/../../../../arm-none-eabi/lib/thumb/v7e-m/nofp/libc_nano.a(libc_a-init.o)
 .ARM.attributes
                0x000001dd       0x1e /opt/st/stm32cubeide_1.15.0/plugins/com.st.stm32cube.ide.mcu.externaltools.gnu-tools-for-stm32.12.3.rel1.linux64_1.0.100.202403111256/tools/bin/../lib/gcc/arm-none-eabi/12.3.1/thumb/v7e-m/nofp/crtn.o
OUTPUT(Day07_USART_Asm_1.elf elf32-littlearm)
LOAD linker stubs
LOAD /opt/st/stm32cubeide_1.15.0/plugins/com.st.stm32cube.ide.mcu.externaltools.gnu-tools-for-stm32.12.3.rel1.linux64_1.0.100.202403111256/tools/bin/../lib/gcc/arm-none-eabi/12.3.1/../../../../arm-none-eabi/lib/thumb/v7e-m/nofp/libc.a
LOAD /opt/st/stm32cubeide_1.15.0/plugins/com.st.stm32cube.ide.mcu.externaltools.gnu-tools-for-stm32.12.3.rel1.linux64_1.0.100.202403111256/tools/bin/../lib/gcc/arm-none-eabi/12.3.1/../../../../arm-none-eabi/lib/thumb/v7e-m/nofp/libm.a
LOAD /opt/st/stm32cubeide_1.15.0/plugins/com.st.stm32cube.ide.mcu.externaltools.gnu-tools-for-stm32.12.3.rel1.linux64_1.0.100.202403111256/tools/bin/../lib/gcc/arm-none-eabi/12.3.1/thumb/v7e-m/nofp/libgcc.a

.debug_info     0x00000000     0x1da5
 .debug_info    0x00000000      0x549 ./Src/led.o
 .debug_info    0x00000549      0x32f ./Src/main.o
 .debug_info    0x00000878      0x812 ./Src/switch.o
 .debug_info    0x0000108a      0x53c ./Src/system_stm32f4xx.o
 .debug_info    0x000015c6      0x7af ./Src/uart.o
 .debug_info    0x00001d75       0x30 ./Startup/startup_stm32f407vgtx.o

.debug_abbrev   0x00000000      0x78f
 .debug_abbrev  0x00000000      0x136 ./Src/led.o
 .debug_abbrev  0x00000136      0x164 ./Src/main.o
 .debug_abbrev  0x0000029a      0x1ca ./Src/switch.o
 .debug_abbrev  0x00000464      0x158 ./Src/system_stm32f4xx.o
 .debug_abbrev  0x000005bc      0x1af ./Src/uart.o
 .debug_abbrev  0x0000076b       0x24 ./Startup/startup_stm32f407vgtx.o

.debug_aranges  0x00000000      0x138
 .debug_aranges
                0x00000000       0x40 ./Src/led.o
 .debug_aranges
                0x00000040       0x28 ./Src/main.o
 .debug_aranges
                0x00000068       0x38 ./Src/switch.o
 .debug_aranges
                0x000000a0       0x38 ./Src/system_stm32f4xx.o
 .debug_aranges
                0x000000d8       0x38 ./Src/uart.o
 .debug_aranges
                0x00000110       0x28 ./Startup/startup_stm32f407vgtx.o

.debug_rnglists
                0x00000000       0xd1
 .debug_rnglists
                0x00000000       0x2c ./Src/led.o
 .debug_rnglists
                0x0000002c       0x1a ./Src/main.o
 .debug_rnglists
                0x00000046       0x26 ./Src/switch.o
 .debug_rnglists
                0x0000006c       0x26 ./Src/system_stm32f4xx.o
 .debug_rnglists
                0x00000092       0x26 ./Src/uart.o
 .debug_rnglists
                0x000000b8       0x19 ./Startup/startup_stm32f407vgtx.o

.debug_macro    0x00000000    0x183fc
 .debug_macro   0x00000000       0xd6 ./Src/led.o
 .debug_macro   0x000000d6       0x2f ./Src/led.o
 .debug_macro   0x00000105       0x1c ./Src/led.o
 .debug_macro   0x00000121       0x22 ./Src/led.o
 .debug_macro   0x00000143       0xd9 ./Src/led.o
 .debug_macro   0x0000021c     0x102d ./Src/led.o
 .debug_macro   0x00001249      0x11f ./Src/led.o
 .debug_macro   0x00001368       0x11 ./Src/led.o
 .debug_macro   0x00001379    0x15e3c ./Src/led.o
 .debug_macro   0x000171b5       0x28 ./Src/led.o
 .debug_macro   0x000171dd       0x74 ./Src/led.o
 .debug_macro   0x00017251      0x203 ./Src/main.o
 .debug_macro   0x00017454       0x61 ./Src/main.o
 .debug_macro   0x000174b5       0x24 ./Src/main.o
 .debug_macro   0x000174d9       0x43 ./Src/main.o
 .debug_macro   0x0001751c       0x34 ./Src/main.o
 .debug_macro   0x00017550       0x16 ./Src/main.o
 .debug_macro   0x00017566       0x9e ./Src/main.o
 .debug_macro   0x00017604      0x369 ./Src/main.o
 .debug_macro   0x0001796d      0x10b ./Src/main.o
 .debug_macro   0x00017a78       0x10 ./Src/main.o
 .debug_macro   0x00017a88       0x16 ./Src/main.o
 .debug_macro   0x00017a9e       0x43 ./Src/main.o
 .debug_macro   0x00017ae1       0x34 ./Src/main.o
 .debug_macro   0x00017b15       0x10 ./Src/main.o
 .debug_macro   0x00017b25       0x58 ./Src/main.o
 .debug_macro   0x00017b7d       0x8e ./Src/main.o
 .debug_macro   0x00017c0b       0x1c ./Src/main.o
 .debug_macro   0x00017c27      0x177 ./Src/main.o
 .debug_macro   0x00017d9e       0x16 ./Src/main.o
 .debug_macro   0x00017db4       0x16 ./Src/main.o
 .debug_macro   0x00017dca      0x146 ./Src/main.o
 .debug_macro   0x00017f10       0x16 ./Src/main.o
 .debug_macro   0x00017f26       0x35 ./Src/main.o
 .debug_macro   0x00017f5b       0x20 ./Src/main.o
 .debug_macro   0x00017f7b       0x2e ./Src/main.o
 .debug_macro   0x00017fa9       0x4a ./Src/main.o
 .debug_macro   0x00017ff3       0x28 ./Src/main.o
 .debug_macro   0x0001801b       0x2e ./Src/main.o
 .debug_macro   0x00018049       0x1c ./Src/main.o
 .debug_macro   0x00018065       0xdc ./Src/switch.o
 .debug_macro   0x00018141       0x16 ./Src/switch.o
 .debug_macro   0x00018157       0xe0 ./Src/system_stm32f4xx.o
 .debug_macro   0x00018237      0x1c5 ./Src/uart.o

.debug_line     0x00000000     0x1b1e
 .debug_line    0x00000000      0x4da ./Src/led.o
 .debug_line    0x000004da      0x5f8 ./Src/main.o
 .debug_line    0x00000ad2      0x4be ./Src/switch.o
 .debug_line    0x00000f90      0x4d6 ./Src/system_stm32f4xx.o
 .debug_line    0x00001466      0x63d ./Src/uart.o
 .debug_line    0x00001aa3       0x7b ./Startup/startup_stm32f407vgtx.o

.debug_str      0x00000000    0x8beb2
 .debug_str     0x00000000    0x87bfe ./Src/led.o
                              0x87d7a (size before relaxing)
 .debug_str     0x00087bfe     0x3b66 ./Src/main.o
                              0x8b838 (size before relaxing)
 .debug_str     0x0008b764      0x5a9 ./Src/switch.o
                              0x88266 (size before relaxing)
 .debug_str     0x0008bd0d       0xee ./Src/system_stm32f4xx.o
                              0x87db2 (size before relaxing)
 .debug_str     0x0008bdfb       0x78 ./Src/uart.o
                              0x8bcf6 (size before relaxing)
 .debug_str     0x0008be73       0x3f ./Startup/startup_stm32f407vgtx.o
                                 0x72 (size before relaxing)

.comment        0x00000000       0x43
 .comment       0x00000000       0x43 ./Src/led.o
                                 0x44 (size before relaxing)
 .comment       0x00000043       0x44 ./Src/main.o
 .comment       0x00000043       0x44 ./Src/switch.o
 .comment       0x00000043       0x44 ./Src/system_stm32f4xx.o
 .comment       0x00000043       0x44 ./Src/uart.o

.debug_frame    0x00000000      0x3a4
 .debug_frame   0x00000000       0xd4 ./Src/led.o
 .debug_frame   0x000000d4       0x58 ./Src/main.o
 .debug_frame   0x0000012c       0xa4 ./Src/switch.o
 .debug_frame   0x000001d0       0x84 ./Src/system_stm32f4xx.o
 .debug_frame   0x00000254       0xa4 ./Src/uart.o
 .debug_frame   0x000002f8       0x38 /opt/st/stm32cubeide_1.15.0/plugins/com.st.stm32cube.ide.mcu.externaltools.gnu-tools-for-stm32.12.3.rel1.linux64_1.0.100.202403111256/tools/bin/../lib/gcc/arm-none-eabi/12.3.1/../../../../arm-none-eabi/lib/thumb/v7e-m/nofp/libc_nano.a(libc_a-itoa.o)
 .debug_frame   0x00000330       0x48 /opt/st/stm32cubeide_1.15.0/plugins/com.st.stm32cube.ide.mcu.externaltools.gnu-tools-for-stm32.12.3.rel1.linux64_1.0.100.202403111256/tools/bin/../lib/gcc/arm-none-eabi/12.3.1/../../../../arm-none-eabi/lib/thumb/v7e-m/nofp/libc_nano.a(libc_a-utoa.o)
 .debug_frame   0x00000378       0x2c /opt/st/stm32cubeide_1.15.0/plugins/com.st.stm32cube.ide.mcu.externaltools.gnu-tools-for-stm32.12.3.rel1.linux64_1.0.100.202403111256/tools/bin/../lib/gcc/arm-none-eabi/12.3.1/../../../../arm-none-eabi/lib/thumb/v7e-m/nofp/libc_nano.a(libc_a-init.o)

.debug_loclists
                0x00000000       0x1f
 .debug_loclists
                0x00000000       0x1f ./Src/system_stm32f4xx.o

.debug_line_str
                0x00000000       0x56
 .debug_line_str
                0x00000000       0x56 ./Startup/startup_stm32f407vgtx.o
